Component: ARM Compiler 5.06 update 5 (build 528) Tool: armlink [4d35e2]

==============================================================================

Section Cross References

    main.o(i.main) refers to stm32f10x_rcc.o(i.RCC_APB2PeriphClockCmd) for RCC_APB2PeriphClockCmd
    main.o(i.main) refers to tim.o(i.TIM_Config) for TIM_Config
    main.o(i.main) refers to moter.o(i.Moter_Config) for Moter_Config
    main.o(i.main) refers to led.o(i.LED_Config) for LED_Config
    main.o(i.main) refers to joystick.o(i.Joystick_Config) for Joystick_Config
    main.o(i.main) refers to bt04-a.o(i.BT04_A_Config) for BT04_A_Config
    main.o(i.main) refers to ttl_usb.o(i.TTL_USB_Config) for TTL_USB_Config
    main.o(i.main) refers to keys.o(i.Keys_Config) for Keys_Config
    main.o(i.main) refers to device_pwr.o(i.PWR_Config) for PWR_Config
    main.o(i.main) refers to nvic.o(i.Init_NVIC) for Init_NVIC
    main.o(i.main) refers to led.o(i.Set_LED_State) for Set_LED_State
    main.o(i.main) refers to joystick.o(i.get_ChannelValue) for get_ChannelValue
    main.o(i.main) refers to usart.o(i.UART_SendInt) for UART_SendInt
    main.o(i.main) refers to delay.o(i.Delay) for Delay
    moter.o(i.GPIO_Config) refers to stm32f10x_rcc.o(i.RCC_APB2PeriphClockCmd) for RCC_APB2PeriphClockCmd
    moter.o(i.GPIO_Config) refers to stm32f10x_gpio.o(i.GPIO_Init) for GPIO_Init
    moter.o(i.Moter_Config) refers to moter.o(i.GPIO_Config) for GPIO_Config
    moter.o(i.Moter_Config) refers to moter.o(i.TIM_PWM_Config) for TIM_PWM_Config
    moter.o(i.TIM_PWM_Config) refers to stm32f10x_rcc.o(i.RCC_APB1PeriphClockCmd) for RCC_APB1PeriphClockCmd
    moter.o(i.TIM_PWM_Config) refers to stm32f10x_tim.o(i.TIM_TimeBaseInit) for TIM_TimeBaseInit
    moter.o(i.TIM_PWM_Config) refers to stm32f10x_tim.o(i.TIM_OC1Init) for TIM_OC1Init
    moter.o(i.TIM_PWM_Config) refers to stm32f10x_tim.o(i.TIM_CtrlPWMOutputs) for TIM_CtrlPWMOutputs
    moter.o(i.TIM_PWM_Config) refers to stm32f10x_tim.o(i.TIM_Cmd) for TIM_Cmd
    moter.o(i.setSpeed) refers to fflt_clz.o(x$fpl$fflt) for __aeabi_i2f
    moter.o(i.setSpeed) refers to fdiv.o(x$fpl$fdiv) for __aeabi_fdiv
    moter.o(i.setSpeed) refers to fmul.o(x$fpl$fmul) for __aeabi_fmul
    moter.o(i.setSpeed) refers to faddsub_clz.o(x$fpl$fadd) for __aeabi_fadd
    moter.o(i.setSpeed) refers to ffixu.o(x$fpl$ffixu) for __aeabi_f2uiz
    moter.o(i.setSpeed) refers to stm32f10x_tim.o(i.TIM_SetCompare1) for TIM_SetCompare1
    moter.o(i.setSpeed) refers to moter.o(.data) for current_speed
    led.o(i.GPIO_Config) refers to stm32f10x_rcc.o(i.RCC_APB2PeriphClockCmd) for RCC_APB2PeriphClockCmd
    led.o(i.GPIO_Config) refers to stm32f10x_gpio.o(i.GPIO_Init) for GPIO_Init
    led.o(i.GPIO_Config) refers to stm32f10x_gpio.o(i.GPIO_SetBits) for GPIO_SetBits
    led.o(i.LED_Config) refers to led.o(i.GPIO_Config) for GPIO_Config
    led.o(i.LED_Config) refers to led.o(i.PWM_Config) for PWM_Config
    led.o(i.PWM_Config) refers to stm32f10x_tim.o(i.TIM_OC3Init) for TIM_OC3Init
    led.o(i.Set_LED_State) refers to stm32f10x_gpio.o(i.GPIO_ResetBits) for GPIO_ResetBits
    led.o(i.Set_LED_State) refers to stm32f10x_gpio.o(i.GPIO_SetBits) for GPIO_SetBits
    joystick.o(i.ADC_Config) refers to stm32f10x_rcc.o(i.RCC_APB2PeriphClockCmd) for RCC_APB2PeriphClockCmd
    joystick.o(i.ADC_Config) refers to stm32f10x_rcc.o(i.RCC_ADCCLKConfig) for RCC_ADCCLKConfig
    joystick.o(i.ADC_Config) refers to stm32f10x_adc.o(i.ADC_Init) for ADC_Init
    joystick.o(i.ADC_Config) refers to stm32f10x_adc.o(i.ADC_RegularChannelConfig) for ADC_RegularChannelConfig
    joystick.o(i.ADC_Config) refers to stm32f10x_adc.o(i.ADC_DMACmd) for ADC_DMACmd
    joystick.o(i.ADC_Config) refers to stm32f10x_adc.o(i.ADC_Cmd) for ADC_Cmd
    joystick.o(i.ADC_Config) refers to stm32f10x_adc.o(i.ADC_ResetCalibration) for ADC_ResetCalibration
    joystick.o(i.ADC_Config) refers to stm32f10x_adc.o(i.ADC_GetResetCalibrationStatus) for ADC_GetResetCalibrationStatus
    joystick.o(i.ADC_Config) refers to stm32f10x_adc.o(i.ADC_StartCalibration) for ADC_StartCalibration
    joystick.o(i.ADC_Config) refers to stm32f10x_adc.o(i.ADC_GetCalibrationStatus) for ADC_GetCalibrationStatus
    joystick.o(i.ADC_Config) refers to stm32f10x_adc.o(i.ADC_SoftwareStartConvCmd) for ADC_SoftwareStartConvCmd
    joystick.o(i.DMA_Config) refers to stm32f10x_rcc.o(i.RCC_AHBPeriphClockCmd) for RCC_AHBPeriphClockCmd
    joystick.o(i.DMA_Config) refers to stm32f10x_dma.o(i.DMA_DeInit) for DMA_DeInit
    joystick.o(i.DMA_Config) refers to stm32f10x_dma.o(i.DMA_Init) for DMA_Init
    joystick.o(i.DMA_Config) refers to stm32f10x_dma.o(i.DMA_ITConfig) for DMA_ITConfig
    joystick.o(i.DMA_Config) refers to stm32f10x_dma.o(i.DMA_Cmd) for DMA_Cmd
    joystick.o(i.DMA_Config) refers to joystick.o(.data) for ad_value
    joystick.o(i.GPIO_Config) refers to stm32f10x_rcc.o(i.RCC_APB2PeriphClockCmd) for RCC_APB2PeriphClockCmd
    joystick.o(i.GPIO_Config) refers to stm32f10x_gpio.o(i.GPIO_Init) for GPIO_Init
[...]
    Removing stm32f10x_gpio.o(i.GPIO_ReadInputData), (8 bytes).
    Removing stm32f10x_gpio.o(i.GPIO_ReadInputDataBit), (18 bytes).
    Removing stm32f10x_gpio.o(i.GPIO_ReadOutputData), (8 bytes).
    Removing stm32f10x_gpio.o(i.GPIO_ReadOutputDataBit), (18 bytes).
    Removing stm32f10x_gpio.o(i.GPIO_StructInit), (16 bytes).
    Removing stm32f10x_gpio.o(i.GPIO_Write), (4 bytes).
    Removing stm32f10x_gpio.o(i.GPIO_WriteBit), (10 bytes).
    Removing stm32f10x_pwr.o(.rev16_text), (4 bytes).
    Removing stm32f10x_pwr.o(.revsh_text), (4 bytes).
    Removing stm32f10x_pwr.o(.rrx_text), (6 bytes).
    Removing stm32f10x_pwr.o(i.PWR_BackupAccessCmd), (12 bytes).
    Removing stm32f10x_pwr.o(i.PWR_ClearFlag), (20 bytes).
    Removing stm32f10x_pwr.o(i.PWR_DeInit), (22 bytes).
    Removing stm32f10x_pwr.o(i.PWR_EnterSTANDBYMode), (52 bytes).
    Removing stm32f10x_pwr.o(i.PWR_GetFlagStatus), (24 bytes).
    Removing stm32f10x_pwr.o(i.PWR_PVDCmd), (12 bytes).
    Removing stm32f10x_pwr.o(i.PWR_PVDLevelConfig), (24 bytes).
    Removing stm32f10x_pwr.o(i.PWR_WakeUpPinCmd), (12 bytes).
    Removing stm32f10x_rcc.o(.rev16_text), (4 bytes).
    Removing stm32f10x_rcc.o(.revsh_text), (4 bytes).
    Removing stm32f10x_rcc.o(.rrx_text), (6 bytes).
    Removing stm32f10x_rcc.o(i.RCC_APB1PeriphResetCmd), (32 bytes).
    Removing stm32f10x_rcc.o(i.RCC_APB2PeriphResetCmd), (32 bytes).
    Removing stm32f10x_rcc.o(i.RCC_AdjustHSICalibrationValue), (24 bytes).
    Removing stm32f10x_rcc.o(i.RCC_BackupResetCmd), (12 bytes).
    Removing stm32f10x_rcc.o(i.RCC_ClearFlag), (20 bytes).
    Removing stm32f10x_rcc.o(i.RCC_ClearITPendingBit), (12 bytes).
    Removing stm32f10x_rcc.o(i.RCC_ClockSecuritySystemCmd), (12 bytes).
    Removing stm32f10x_rcc.o(i.RCC_DeInit), (76 bytes).
    Removing stm32f10x_rcc.o(i.RCC_GetFlagStatus), (60 bytes).
    Removing stm32f10x_rcc.o(i.RCC_GetITStatus), (24 bytes).
    Removing stm32f10x_rcc.o(i.RCC_GetSYSCLKSource), (16 bytes).
    Removing stm32f10x_rcc.o(i.RCC_HCLKConfig), (24 bytes).
    Removing stm32f10x_rcc.o(i.RCC_HSEConfig), (76 bytes).
    Removing stm32f10x_rcc.o(i.RCC_HSICmd), (12 bytes).
    Removing stm32f10x_rcc.o(i.RCC_ITConfig), (32 bytes).
    Removing stm32f10x_rcc.o(i.RCC_LSEConfig), (52 bytes).
    Removing stm32f10x_rcc.o(i.RCC_LSICmd), (12 bytes).
    Removing stm32f10x_rcc.o(i.RCC_MCOConfig), (12 bytes).
    Removing stm32f10x_rcc.o(i.RCC_PCLK1Config), (24 bytes).
    Removing stm32f10x_rcc.o(i.RCC_PCLK2Config), (24 bytes).
    Removing stm32f10x_rcc.o(i.RCC_PLLCmd), (12 bytes).
    Removing stm32f10x_rcc.o(i.RCC_PLLConfig), (28 bytes).
    Removing stm32f10x_rcc.o(i.RCC_RTCCLKCmd), (12 bytes).
    Removing stm32f10x_rcc.o(i.RCC_RTCCLKConfig), (16 bytes).
    Removing stm32f10x_rcc.o(i.RCC_SYSCLKConfig), (24 bytes).
    Removing stm32f10x_rcc.o(i.RCC_USBCLKConfig), (12 bytes).
    Removing stm32f10x_rcc.o(i.RCC_WaitForHSEStartUp), (56 bytes).
    Removing stm32f10x_tim.o(.rev16_text), (4 bytes).
    Removing stm32f10x_tim.o(.revsh_text), (4 bytes).
    Removing stm32f10x_tim.o(.rrx_text), (6 bytes).
    Removing stm32f10x_tim.o(i.TI1_Config), (128 bytes).
    Removing stm32f10x_tim.o(i.TI2_Config), (152 bytes).
    Removing stm32f10x_tim.o(i.TI3_Config), (144 bytes).
    Removing stm32f10x_tim.o(i.TI4_Config), (152 bytes).
    Removing stm32f10x_tim.o(i.TIM_ARRPreloadConfig), (24 bytes).
    Removing stm32f10x_tim.o(i.TIM_BDTRConfig), (32 bytes).
    Removing stm32f10x_tim.o(i.TIM_BDTRStructInit), (18 bytes).
    Removing stm32f10x_tim.o(i.TIM_CCPreloadControl), (24 bytes).
    Removing stm32f10x_tim.o(i.TIM_CCxCmd), (30 bytes).
    Removing stm32f10x_tim.o(i.TIM_CCxNCmd), (30 bytes).
    Removing stm32f10x_tim.o(i.TIM_ClearFlag), (6 bytes).
    Removing stm32f10x_tim.o(i.TIM_ClearOC1Ref), (18 bytes).
    Removing stm32f10x_tim.o(i.TIM_ClearOC2Ref), (24 bytes).
    Removing stm32f10x_tim.o(i.TIM_ClearOC3Ref), (18 bytes).
    Removing stm32f10x_tim.o(i.TIM_ClearOC4Ref), (24 bytes).
    Removing stm32f10x_tim.o(i.TIM_CounterModeConfig), (18 bytes).
    Removing stm32f10x_tim.o(i.TIM_DMACmd), (18 bytes).
    Removing stm32f10x_tim.o(i.TIM_DMAConfig), (10 bytes).
    Removing stm32f10x_tim.o(i.TIM_DeInit), (488 bytes).
    Removing stm32f10x_tim.o(i.TIM_ETRClockMode1Config), (54 bytes).
    Removing stm32f10x_tim.o(i.TIM_ETRClockMode2Config), (32 bytes).
    Removing stm32f10x_tim.o(i.TIM_ETRConfig), (28 bytes).
    Removing stm32f10x_tim.o(i.TIM_EncoderInterfaceConfig), (66 bytes).
    Removing stm32f10x_tim.o(i.TIM_ForcedOC1Config), (18 bytes).
    Removing stm32f10x_tim.o(i.TIM_ForcedOC2Config), (26 bytes).
    Removing stm32f10x_tim.o(i.TIM_ForcedOC3Config), (18 bytes).
    Removing stm32f10x_tim.o(i.TIM_ForcedOC4Config), (26 bytes).
    Removing stm32f10x_tim.o(i.TIM_GenerateEvent), (4 bytes).
    Removing stm32f10x_tim.o(i.TIM_GetCapture1), (6 bytes).
    Removing stm32f10x_tim.o(i.TIM_GetCapture2), (6 bytes).
    Removing stm32f10x_tim.o(i.TIM_GetCapture3), (6 bytes).
    Removing stm32f10x_tim.o(i.TIM_GetCapture4), (8 bytes).
    Removing stm32f10x_tim.o(i.TIM_GetCounter), (6 bytes).
    Removing stm32f10x_tim.o(i.TIM_GetFlagStatus), (18 bytes).
    Removing stm32f10x_tim.o(i.TIM_GetPrescaler), (6 bytes).
    Removing stm32f10x_tim.o(i.TIM_ICInit), (172 bytes).
    Removing stm32f10x_tim.o(i.TIM_ICStructInit), (18 bytes).
    Removing stm32f10x_tim.o(i.TIM_ITRxExternalClockConfig), (24 bytes).
    Removing stm32f10x_tim.o(i.TIM_InternalClockConfig), (12 bytes).
    Removing stm32f10x_tim.o(i.TIM_OC1FastConfig), (18 bytes).
    Removing stm32f10x_tim.o(i.TIM_OC1NPolarityConfig), (18 bytes).
    Removing stm32f10x_tim.o(i.TIM_OC1PolarityConfig), (18 bytes).
    Removing stm32f10x_tim.o(i.TIM_OC1PreloadConfig), (18 bytes).
    Removing stm32f10x_tim.o(i.TIM_OC2FastConfig), (26 bytes).
    Removing stm32f10x_tim.o(i.TIM_OC2Init), (164 bytes).
    Removing stm32f10x_tim.o(i.TIM_OC2NPolarityConfig), (26 bytes).
    Removing stm32f10x_tim.o(i.TIM_OC2PolarityConfig), (26 bytes).
    Removing stm32f10x_tim.o(i.TIM_OC2PreloadConfig), (26 bytes).
    Removing stm32f10x_tim.o(i.TIM_OC3FastConfig), (18 bytes).
    Removing stm32f10x_tim.o(i.TIM_OC3NPolarityConfig), (26 bytes).
    Removing stm32f10x_tim.o(i.TIM_OC3PolarityConfig), (26 bytes).
    Removing stm32f10x_tim.o(i.TIM_OC3PreloadConfig), (18 bytes).
    Removing stm32f10x_tim.o(i.TIM_OC4FastConfig), (26 bytes).
    Removing stm32f10x_tim.o(i.TIM_OC4PolarityConfig), (26 bytes).
    Removing stm32f10x_tim.o(i.TIM_OC4PreloadConfig), (26 bytes).
    Removing stm32f10x_tim.o(i.TIM_OCStructInit), (20 bytes).
    Removing stm32f10x_tim.o(i.TIM_PWMIConfig), (124 bytes).
    Removing stm32f10x_tim.o(i.TIM_PrescalerConfig), (6 bytes).
    Removing stm32f10x_tim.o(i.TIM_SelectCCDMA), (24 bytes).
    Removing stm32f10x_tim.o(i.TIM_SelectCOM), (24 bytes).
    Removing stm32f10x_tim.o(i.TIM_SelectHallSensor), (24 bytes).
    Removing stm32f10x_tim.o(i.TIM_SelectInputTrigger), (18 bytes).
    Removing stm32f10x_tim.o(i.TIM_SelectMasterSlaveMode), (18 bytes).
    Removing stm32f10x_tim.o(i.TIM_SelectOCxM), (82 bytes).
    Removing stm32f10x_tim.o(i.TIM_SelectOnePulseMode), (18 bytes).
    Removing stm32f10x_tim.o(i.TIM_SelectOutputTrigger), (18 bytes).
    Removing stm32f10x_tim.o(i.TIM_SelectSlaveMode), (18 bytes).
    Removing stm32f10x_tim.o(i.TIM_SetAutoreload), (4 bytes).
    Removing stm32f10x_tim.o(i.TIM_SetClockDivision), (18 bytes).
    Removing stm32f10x_tim.o(i.TIM_SetCompare2), (4 bytes).
    Removing stm32f10x_tim.o(i.TIM_SetCompare4), (6 bytes).
    Removing stm32f10x_tim.o(i.TIM_SetCounter), (4 bytes).
    Removing stm32f10x_tim.o(i.TIM_SetIC1Prescaler), (18 bytes).
    Removing stm32f10x_tim.o(i.TIM_SetIC2Prescaler), (26 bytes).
    Removing stm32f10x_tim.o(i.TIM_SetIC3Prescaler), (18 bytes).
    Removing stm32f10x_tim.o(i.TIM_SetIC4Prescaler), (26 bytes).
    Removing stm32f10x_tim.o(i.TIM_TIxExternalClockConfig), (62 bytes).
    Removing stm32f10x_tim.o(i.TIM_UpdateDisableConfig), (24 bytes).
    Removing stm32f10x_tim.o(i.TIM_UpdateRequestConfig), (24 bytes).
    Removing stm32f10x_usart.o(.rev16_text), (4 bytes).
    Removing stm32f10x_usart.o(.revsh_text), (4 bytes).
    Removing stm32f10x_usart.o(.rrx_text), (6 bytes).
    Removing stm32f10x_usart.o(i.USART_ClearFlag), (18 bytes).
    Removing stm32f10x_usart.o(i.USART_ClearITPendingBit), (30 bytes).
    Removing stm32f10x_usart.o(i.USART_ClockInit), (34 bytes).
    Removing stm32f10x_usart.o(i.USART_ClockStructInit), (12 bytes).
    Removing stm32f10x_usart.o(i.USART_DMACmd), (18 bytes).
    Removing stm32f10x_usart.o(i.USART_DeInit), (156 bytes).
    Removing stm32f10x_usart.o(i.USART_HalfDuplexCmd), (24 bytes).
    Removing stm32f10x_usart.o(i.USART_IrDACmd), (24 bytes).
    Removing stm32f10x_usart.o(i.USART_IrDAConfig), (18 bytes).
    Removing stm32f10x_usart.o(i.USART_LINBreakDetectLengthConfig), (18 bytes).
    Removing stm32f10x_usart.o(i.USART_LINCmd), (24 bytes).
    Removing stm32f10x_usart.o(i.USART_OneBitMethodCmd), (24 bytes).
    Removing stm32f10x_usart.o(i.USART_OverSampling8Cmd), (22 bytes).
    Removing stm32f10x_usart.o(i.USART_ReceiverWakeUpCmd), (24 bytes).
    Removing stm32f10x_usart.o(i.USART_SendBreak), (10 bytes).
    Removing stm32f10x_usart.o(i.USART_SetAddress), (18 bytes).
    Removing stm32f10x_usart.o(i.USART_SetGuardTime), (16 bytes).
    Removing stm32f10x_usart.o(i.USART_SetPrescaler), (16 bytes).
    Removing stm32f10x_usart.o(i.USART_SmartCardCmd), (24 bytes).
    Removing stm32f10x_usart.o(i.USART_SmartCardNACKCmd), (24 bytes).
    Removing stm32f10x_usart.o(i.USART_StructInit), (24 bytes).
    Removing stm32f10x_usart.o(i.USART_WakeUpConfig), (18 bytes).
    Removing gpio_stm32f10x.o(.rev16_text), (4 bytes).
    Removing gpio_stm32f10x.o(.revsh_text), (4 bytes).
    Removing gpio_stm32f10x.o(.rrx_text), (6 bytes).
    Removing gpio_stm32f10x.o(i.GPIO_AFConfigure), (156 bytes).
    Removing gpio_stm32f10x.o(i.GPIO_GetPortClockState), (152 bytes).
    Removing gpio_stm32f10x.o(i.GPIO_PinConfigure), (120 bytes).
    Removing gpio_stm32f10x.o(i.GPIO_PortClock), (316 bytes).
    Removing system_stm32f10x.o(.rev16_text), (4 bytes).
    Removing system_stm32f10x.o(.revsh_text), (4 bytes).
    Removing system_stm32f10x.o(.rrx_text), (6 bytes).
    Removing system_stm32f10x.o(i.SystemCoreClockUpdate), (164 bytes).
    Removing system_stm32f10x.o(.data), (20 bytes).

279 unused section(s) (total 7374 bytes) removed from the image.

==============================================================================

Image Symbol Table

    Local Symbols

    Symbol Name                              Value     Ov Type        Size  Object(Section)

    ../clib/angel/boardlib.s                 0x00000000   Number         0  boardinit2.o ABSOLUTE
    ../clib/angel/boardlib.s                 0x00000000   Number         0  boardshut.o ABSOLUTE
    ../clib/angel/boardlib.s                 0x00000000   Number         0  boardinit1.o ABSOLUTE
    ../clib/angel/boardlib.s                 0x00000000   Number         0  boardinit3.o ABSOLUTE
    ../clib/angel/handlers.s                 0x00000000   Number         0  __scatter_copy.o ABSOLUTE
    ../clib/angel/handlers.s                 0x00000000   Number         0  __scatter_zi.o ABSOLUTE
    ../clib/angel/kernel.s                   0x00000000   Number         0  __rtentry.o ABSOLUTE
    ../clib/angel/kernel.s                   0x00000000   Number         0  __rtentry4.o ABSOLUTE
    ../clib/angel/kernel.s                   0x00000000   Number         0  __rtentry2.o ABSOLUTE
    ../clib/angel/kernel.s                   0x00000000   Number         0  rtexit.o ABSOLUTE
    ../clib/angel/kernel.s                   0x00000000   Number         0  rtexit2.o ABSOLUTE
    ../clib/angel/rt.s                       0x00000000   Number         0  rt_raise.o ABSOLUTE
    ../clib/angel/scatter.s                  0x00000000   Number         0  __scatter.o ABSOLUTE
    ../clib/angel/startup.s                  0x00000000   Number         0  __main.o ABSOLUTE
    ../clib/angel/sys.s                      0x00000000   Number         0  use_no_semi.o ABSOLUTE
    ../clib/angel/sys.s                      0x00000000   Number         0  indicate_semi.o ABSOLUTE
    ../clib/angel/sys.s                      0x00000000   Number         0  sys_stackheap_outer.o ABSOLUTE
    ../clib/angel/sys.s                      0x00000000   Number         0  libspace.o ABSOLUTE
    ../clib/angel/sysapp.c                   0x00000000   Number         0  sys_command.o ABSOLUTE
    ../clib/angel/sysapp.c                   0x00000000   Number         0  sys_exit.o ABSOLUTE
    ../clib/angel/sysapp.c                   0x00000000   Number         0  sys_wrch.o ABSOLUTE
    ../clib/armsys.c                         0x00000000   Number         0  no_argv.o ABSOLUTE
    ../clib/armsys.c                         0x00000000   Number         0  argv_veneer.o ABSOLUTE
    ../clib/armsys.c                         0x00000000   Number         0  argv_veneer.o ABSOLUTE
    ../clib/armsys.c                         0x00000000   Number         0  _get_argv_nomalloc.o ABSOLUTE
    ../clib/heapalloc.c                      0x00000000   Number         0  hrguard.o ABSOLUTE
    ../clib/heapaux.c                        0x00000000   Number         0  heapauxi.o ABSOLUTE
    ../clib/libinit.s                        0x00000000   Number         0  libinit.o ABSOLUTE
    ../clib/libinit.s                        0x00000000   Number         0  libinit2.o ABSOLUTE
    ../clib/libinit.s                        0x00000000   Number         0  libshutdown.o ABSOLUTE
    ../clib/libinit.s                        0x00000000   Number         0  libshutdown2.o ABSOLUTE
    ../clib/signal.c                         0x00000000   Number         0  defsig_other.o ABSOLUTE
    ../clib/signal.c                         0x00000000   Number         0  defsig_segv_inner.o ABSOLUTE
    ../clib/signal.c                         0x00000000   Number         0  defsig_cppl_inner.o ABSOLUTE
    ../clib/signal.c                         0x00000000   Number         0  defsig_pvfn_inner.o ABSOLUTE
    ../clib/signal.c                         0x00000000   Number         0  defsig_stak_inner.o ABSOLUTE
    ../clib/signal.c                         0x00000000   Number         0  defsig_abrt_inner.o ABSOLUTE
    ../clib/signal.c                         0x00000000   Number         0  defsig_rtred_inner.o ABSOLUTE
    ../clib/signal.c                         0x00000000   Number         0  defsig_exit.o ABSOLUTE
    ../clib/signal.c                         0x00000000   Number         0  defsig_rtmem_outer.o ABSOLUTE
    ../clib/signal.c                         0x00000000   Number         0  defsig_rtmem_formal.o ABSOLUTE
    ../clib/signal.c                         0x00000000   Number         0  defsig_rtmem_inner.o ABSOLUTE
    ../clib/signal.c                         0x00000000   Number         0  defsig_fpe_inner.o ABSOLUTE
    ../clib/signal.c                         0x00000000   Number         0  __raise.o ABSOLUTE
    ../clib/signal.c                         0x00000000   Number         0  defsig_general.o ABSOLUTE
    ../clib/signal.s                         0x00000000   Number         0  defsig.o ABSOLUTE
    ../clib/stdlib.c                         0x00000000   Number         0  exit.o ABSOLUTE
    ../fplib/faddsub.s                       0x00000000   Number         0  faddsub_clz.o ABSOLUTE
    ../fplib/fcmpi.s                         0x00000000   Number         0  fcmpi.o ABSOLUTE
    ../fplib/fdiv.s                          0x00000000   Number         0  fdiv.o ABSOLUTE
    ../fplib/ffixu.s                         0x00000000   Number         0  ffixu.o ABSOLUTE
    ../fplib/fflt.s                          0x00000000   Number         0  fflt_clz.o ABSOLUTE
    ../fplib/fleqf.s                         0x00000000   Number         0  fleqf.o ABSOLUTE
    ../fplib/fmul.s                          0x00000000   Number         0  fmul.o ABSOLUTE
    ../fplib/fnaninf.s                       0x00000000   Number         0  fnaninf.o ABSOLUTE
    ../fplib/fpinit.s                        0x00000000   Number         0  fpinit.o ABSOLUTE
    ../fplib/fretinf.s                       0x00000000   Number         0  fretinf.o ABSOLUTE
    ../fplib/frleqf.s                        0x00000000   Number         0  frleqf.o ABSOLUTE
    ../fplib/usenofp.s                       0x00000000   Number         0  usenofp.o ABSOLUTE
    E:\DevTools\Keil_v5\ARM\PACK\Keil\STM32F1xx_DFP\2.2.0\Device\StdPeriph_Driver\src\misc.c 0x00000000   Number         0  misc.o ABSOLUTE
    E:\DevTools\Keil_v5\ARM\PACK\Keil\STM32F1xx_DFP\2.2.0\Device\StdPeriph_Driver\src\stm32f10x_adc.c 0x00000000   Number         0  stm32f10x_adc.o ABSOLUTE
    E:\DevTools\Keil_v5\ARM\PACK\Keil\STM32F1xx_DFP\2.2.0\Device\StdPeriph_Driver\src\stm32f10x_dma.c 0x00000000   Number         0  stm32f10x_dma.o ABSOLUTE
    E:\DevTools\Keil_v5\ARM\PACK\Keil\STM32F1xx_DFP\2.2.0\Device\StdPeriph_Driver\src\stm32f10x_exti.c 0x00000000   Number         0  stm32f10x_exti.o ABSOLUTE
    E:\DevTools\Keil_v5\ARM\PACK\Keil\STM32F1xx_DFP\2.2.0\Device\StdPeriph_Driver\src\stm32f10x_gpio.c 0x00000000   Number         0  stm32f10x_gpio.o ABSOLUTE
    E:\DevTools\Keil_v5\ARM\PACK\Keil\STM32F1xx_DFP\2.2.0\Device\StdPeriph_Driver\src\stm32f10x_pwr.c 0x00000000   Number         0  stm32f10x_pwr.o ABSOLUTE
    E:\DevTools\Keil_v5\ARM\PACK\Keil\STM32F1xx_DFP\2.2.0\Device\StdPeriph_Driver\src\stm32f10x_rcc.c 0x00000000   Number         0  stm32f10x_rcc.o ABSOLUTE
    E:\DevTools\Keil_v5\ARM\PACK\Keil\STM32F1xx_DFP\2.2.0\Device\StdPeriph_Driver\src\stm32f10x_tim.c 0x00000000   Number         0  stm32f10x_tim.o ABSOLUTE
    E:\DevTools\Keil_v5\ARM\PACK\Keil\STM32F1xx_DFP\2.2.0\Device\StdPeriph_Driver\src\stm32f10x_usart.c 0x00000000   Number         0  stm32f10x_usart.o ABSOLUTE
    E:\DevTools\Keil_v5\ARM\PACK\Keil\STM32F1xx_DFP\2.2.0\RTE_Driver\GPIO_STM32F10x.c 0x00000000   Number         0  gpio_stm32f10x.o ABSOLUTE
    E:\\DevTools\\Keil_v5\\ARM\\PACK\\Keil\\STM32F1xx_DFP\\2.2.0\\Device\\StdPeriph_Driver\\src\\misc.c 0x00000000   Number         0  misc.o ABSOLUTE
    E:\\DevTools\\Keil_v5\\ARM\\PACK\\Keil\\STM32F1xx_DFP\\2.2.0\\Device\\StdPeriph_Driver\\src\\stm32f10x_adc.c 0x00000000   Number         0  stm32f10x_adc.o ABSOLUTE
    E:\\DevTools\\Keil_v5\\ARM\\PACK\\Keil\\STM32F1xx_DFP\\2.2.0\\Device\\StdPeriph_Driver\\src\\stm32f10x_dma.c 0x00000000   Number         0  stm32f10x_dma.o ABSOLUTE
    E:\\DevTools\\Keil_v5\\ARM\\PACK\\Keil\\STM32F1xx_DFP\\2.2.0\\Device\\StdPeriph_Driver\\src\\stm32f10x_exti.c 0x00000000   Number         0  stm32f10x_exti.o ABSOLUTE
    E:\\DevTools\\Keil_v5\\ARM\\PACK\\Keil\\STM32F1xx_DFP\\2.2.0\\Device\\StdPeriph_Driver\\src\\stm32f10x_gpio.c 0x00000000   Number         0  stm32f10x_gpio.o ABSOLUTE
    E:\\DevTools\\Keil_v5\\ARM\\PACK\\Keil\\STM32F1xx_DFP\\2.2.0\\Device\\StdPeriph_Driver\\src\\stm32f10x_pwr.c 0x00000000   Number         0  stm32f10x_pwr.o ABSOLUTE
    E:\\DevTools\\Keil_v5\\ARM\\PACK\\Keil\\STM32F1xx_DFP\\2.2.0\\Device\\StdPeriph_Driver\\src\\stm32f10x_rcc.c 0x00000000   Number         0  stm32f10x_rcc.o ABSOLUTE
    E:\\DevTools\\Keil_v5\\ARM\\PACK\\Keil\\STM32F1xx_DFP\\2.2.0\\Device\\StdPeriph_Driver\\src\\stm32f10x_tim.c 0x00000000   Number         0  stm32f10x_tim.o ABSOLUTE
    E:\\DevTools\\Keil_v5\\ARM\\PACK\\Keil\\STM32F1xx_DFP\\2.2.0\\Device\\StdPeriph_Driver\\src\\stm32f10x_usart.c 0x00000000   Number         0  stm32f10x_usart.o ABSOLUTE
    E:\\DevTools\\Keil_v5\\ARM\\PACK\\Keil\\STM32F1xx_DFP\\2.2.0\\RTE_Driver\\GPIO_STM32F10x.c 0x00000000   Number         0  gpio_stm32f10x.o ABSOLUTE
    RTE\Device\STM32F103C8\startup_stm32f10x_md.s 0x00000000   Number         0  startup_stm32f10x_md.o ABSOLUTE
    RTE\Device\STM32F103C8\system_stm32f10x.c 0x00000000   Number         0  system_stm32f10x.o ABSOLUTE
    RTE\\Device\\STM32F103C8\\system_stm32f10x.c 0x00000000   Number         0  system_stm32f10x.o ABSOLUTE
    USER\Config\NVIC.c                       0x00000000   Number         0  nvic.o ABSOLUTE
    USER\Config\TIM.c                        0x00000000   Number         0  tim.o ABSOLUTE
    USER\Drivers\BT04-A.c                    0x00000000   Number         0  bt04-a.o ABSOLUTE
    USER\Drivers\Delay.c                     0x00000000   Number         0  delay.o ABSOLUTE
    USER\Drivers\Device_PWR.c                0x00000000   Number         0  device_pwr.o ABSOLUTE
    USER\Drivers\Handler.c                   0x00000000   Number         0  handler.o ABSOLUTE
    USER\Drivers\Joystick.c                  0x00000000   Number         0  joystick.o ABSOLUTE
    USER\Drivers\LED.c                       0x00000000   Number         0  led.o ABSOLUTE
    USER\Drivers\Moter.c                     0x00000000   Number         0  moter.o ABSOLUTE
    USER\Drivers\TTL_USB.c                   0x00000000   Number         0  ttl_usb.o ABSOLUTE
    USER\Drivers\USART.c                     0x00000000   Number         0  usart.o ABSOLUTE
    USER\Drivers\keys.c                      0x00000000   Number         0  keys.o ABSOLUTE
    USER\\Config\\NVIC.c                     0x00000000   Number         0  nvic.o ABSOLUTE
    USER\\Config\\TIM.c                      0x00000000   Number         0  tim.o ABSOLUTE
    USER\\Drivers\\BT04-A.c                  0x00000000   Number         0  bt04-a.o ABSOLUTE
    USER\\Drivers\\Delay.c                   0x00000000   Number         0  delay.o ABSOLUTE
    USER\\Drivers\\Device_PWR.c              0x00000000   Number         0  device_pwr.o ABSOLUTE
    USER\\Drivers\\Handler.c                 0x00000000   Number         0  handler.o ABSOLUTE
    USER\\Drivers\\Joystick.c                0x00000000   Number         0  joystick.o ABSOLUTE
    USER\\Drivers\\LED.c                     0x00000000   Number         0  led.o ABSOLUTE
    USER\\Drivers\\Moter.c                   0x00000000   Number         0  moter.o ABSOLUTE
    USER\\Drivers\\TTL_USB.c                 0x00000000   Number         0  ttl_usb.o ABSOLUTE
    USER\\Drivers\\USART.c                   0x00000000   Number         0  usart.o ABSOLUTE
    USER\\Drivers\\keys.c                    0x00000000   Number         0  keys.o ABSOLUTE
    USER\\main.c                             0x00000000   Number         0  main.o ABSOLUTE
    USER\main.c                              0x00000000   Number         0  main.o ABSOLUTE
    dc.s                                     0x00000000   Number         0  dc.o ABSOLUTE
    RESET                                    0x08000000   Section      236  startup_stm32f10x_md.o(RESET)
    !!!main                                  0x080000ec   Section        8  __main.o(!!!main)
    !!!scatter                               0x080000f4   Section       52  __scatter.o(!!!scatter)
    !!handler_copy                           0x08000128   Section       26  __scatter_copy.o(!!handler_copy)
    !!handler_zi                             0x08000144   Section       28  __scatter_zi.o(!!handler_zi)
    .ARM.Collect$$libinit$$00000000          0x08000160   Section        2  libinit.o(.ARM.Collect$$libinit$$00000000)
    .ARM.Collect$$libinit$$00000002          0x08000162   Section        0  libinit2.o(.ARM.Collect$$libinit$$00000002)
    .ARM.Collect$$libinit$$00000004          0x08000162   Section        0  libinit2.o(.ARM.Collect$$libinit$$00000004)
    .ARM.Collect$$libinit$$0000000A          0x08000162   Section        0  libinit2.o(.ARM.Collect$$libinit$$0000000A)
    .ARM.Collect$$libinit$$0000000C          0x08000162   Section        0  libinit2.o(.ARM.Collect$$libinit$$0000000C)
    .ARM.Collect$$libinit$$0000000E          0x08000162   Section        0  libinit2.o(.ARM.Collect$$libinit$$0000000E)
    .ARM.Collect$$libinit$$00000011          0x08000162   Section        0  libinit2.o(.ARM.Collect$$libinit$$00000011)
    .ARM.Collect$$libinit$$00000013          0x08000162   Section        0  libinit2.o(.ARM.Collect$$libinit$$00000013)
    .ARM.Collect$$libinit$$00000015          0x08000162   Section        0  libinit2.o(.ARM.Collect$$libinit$$00000015)
    .ARM.Collect$$libinit$$00000017          0x08000162   Section        0  libinit2.o(.ARM.Collect$$libinit$$00000017)
    .ARM.Collect$$libinit$$00000019          0x08000162   Section        0  libinit2.o(.ARM.Collect$$libinit$$00000019)
    .ARM.Collect$$libinit$$0000001B          0x08000162   Section        0  libinit2.o(.ARM.Collect$$libinit$$0000001B)
    .ARM.Collect$$libinit$$0000001D          0x08000162   Section        0  libinit2.o(.ARM.Collect$$libinit$$0000001D)
    .ARM.Collect$$libinit$$0000001F          0x08000162   Section        0  libinit2.o(.ARM.Collect$$libinit$$0000001F)
    .ARM.Collect$$libinit$$00000021          0x08000162   Section        0  libinit2.o(.ARM.Collect$$libinit$$00000021)
    .ARM.Collect$$libinit$$00000023          0x08000162   Section        0  libinit2.o(.ARM.Collect$$libinit$$00000023)
    .ARM.Collect$$libinit$$00000025          0x08000162   Section        0  libinit2.o(.ARM.Collect$$libinit$$00000025)
    .ARM.Collect$$libinit$$0000002C          0x08000162   Section        0  libinit2.o(.ARM.Collect$$libinit$$0000002C)
    .ARM.Collect$$libinit$$0000002E          0x08000162   Section        0  libinit2.o(.ARM.Collect$$libinit$$0000002E)
    .ARM.Collect$$libinit$$00000030          0x08000162   Section        0  libinit2.o(.ARM.Collect$$libinit$$00000030)
    .ARM.Collect$$libinit$$00000032          0x08000162   Section        0  libinit2.o(.ARM.Collect$$libinit$$00000032)
    .ARM.Collect$$libinit$$00000033          0x08000162   Section        2  libinit2.o(.ARM.Collect$$libinit$$00000033)
    .ARM.Collect$$libshutdown$$00000000      0x08000164   Section        2  libshutdown.o(.ARM.Collect$$libshutdown$$00000000)
    .ARM.Collect$$libshutdown$$00000002      0x08000166   Section        0  libshutdown2.o(.ARM.Collect$$libshutdown$$00000002)
    .ARM.Collect$$libshutdown$$00000004      0x08000166   Section        0  libshutdown2.o(.ARM.Collect$$libshutdown$$00000004)
    .ARM.Collect$$libshutdown$$00000007      0x08000166   Section        0  libshutdown2.o(.ARM.Collect$$libshutdown$$00000007)
    .ARM.Collect$$libshutdown$$0000000A      0x08000166   Section        0  libshutdown2.o(.ARM.Collect$$libshutdown$$0000000A)
    .ARM.Collect$$libshutdown$$0000000C      0x08000166   Section        0  libshutdown2.o(.ARM.Collect$$libshutdown$$0000000C)
    .ARM.Collect$$libshutdown$$0000000F      0x08000166   Section        0  libshutdown2.o(.ARM.Collect$$libshutdown$$0000000F)
    .ARM.Collect$$libshutdown$$00000010      0x08000166   Section        2  libshutdown2.o(.ARM.Collect$$libshutdown$$00000010)
    .ARM.Collect$$rtentry$$00000000          0x08000168   Section        0  __rtentry.o(.ARM.Collect$$rtentry$$00000000)
    .ARM.Collect$$rtentry$$00000002          0x08000168   Section        0  __rtentry2.o(.ARM.Collect$$rtentry$$00000002)
    .ARM.Collect$$rtentry$$00000004          0x08000168   Section        6  __rtentry4.o(.ARM.Collect$$rtentry$$00000004)
    .ARM.Collect$$rtentry$$00000009          0x0800016e   Section        0  __rtentry2.o(.ARM.Collect$$rtentry$$00000009)
    .ARM.Collect$$rtentry$$0000000A          0x0800016e   Section        4  __rtentry2.o(.ARM.Collect$$rtentry$$0000000A)
    .ARM.Collect$$rtentry$$0000000C          0x08000172   Section        0  __rtentry2.o(.ARM.Collect$$rtentry$$0000000C)
    .ARM.Collect$$rtentry$$0000000D          0x08000172   Section        8  __rtentry2.o(.ARM.Collect$$rtentry$$0000000D)
    .ARM.Collect$$rtexit$$00000000           0x0800017a   Section        2  rtexit.o(.ARM.Collect$$rtexit$$00000000)
    .ARM.Collect$$rtexit$$00000002           0x0800017c   Section        0  rtexit2.o(.ARM.Collect$$rtexit$$00000002)
    .ARM.Collect$$rtexit$$00000003           0x0800017c   Section        4  rtexit2.o(.ARM.Collect$$rtexit$$00000003)
    .ARM.Collect$$rtexit$$00000004           0x08000180   Section        6  rtexit2.o(.ARM.Collect$$rtexit$$00000004)
    .text                                    0x08000188   Section       64  startup_stm32f10x_md.o(.text)
    .text                                    0x080001c8   Section        0  heapauxi.o(.text)
    .text                                    0x080001ce   Section       74  sys_stackheap_outer.o(.text)
    .text                                    0x08000218   Section        0  exit.o(.text)
    .text                                    0x0800022c   Section        8  libspace.o(.text)
    .text                                    0x08000234   Section        0  sys_exit.o(.text)
    .text                                    0x08000240   Section        2  use_no_semi.o(.text)
    .text                                    0x08000242   Section        0  indicate_semi.o(.text)
    i.ADC_Cmd                                0x08000242   Section        0  stm32f10x_adc.o(i.ADC_Cmd)
    i.ADC_Config                             0x08000258   Section        0  joystick.o(i.ADC_Config)
    ADC_Config                               0x08000259   Thumb Code   148  joystick.o(i.ADC_Config)
    i.ADC_DMACmd                             0x080002f0   Section        0  stm32f10x_adc.o(i.ADC_DMACmd)
    i.ADC_GetCalibrationStatus               0x08000306   Section        0  stm32f10x_adc.o(i.ADC_GetCalibrationStatus)
    i.ADC_GetResetCalibrationStatus          0x0800031a   Section        0  stm32f10x_adc.o(i.ADC_GetResetCalibrationStatus)
    i.ADC_Init                               0x08000330   Section        0  stm32f10x_adc.o(i.ADC_Init)
    i.ADC_RegularChannelConfig               0x08000380   Section        0  stm32f10x_adc.o(i.ADC_RegularChannelConfig)
    i.ADC_ResetCalibration                   0x08000438   Section        0  stm32f10x_adc.o(i.ADC_ResetCalibration)
    i.ADC_SoftwareStartConvCmd               0x08000442   Section        0  stm32f10x_adc.o(i.ADC_SoftwareStartConvCmd)
    i.ADC_StartCalibration                   0x08000458   Section        0  stm32f10x_adc.o(i.ADC_StartCalibration)
    i.BT04_A_Config                          0x08000462   Section        0  bt04-a.o(i.BT04_A_Config)
    i.DMA1_Channel1_IRQHandler               0x08000470   Section        0  handler.o(i.DMA1_Channel1_IRQHandler)
    i.DMA_ClearITPendingBit                  0x080004a8   Section        0  stm32f10x_dma.o(i.DMA_ClearITPendingBit)
    i.DMA_Cmd                                0x080004c4   Section        0  stm32f10x_dma.o(i.DMA_Cmd)
    i.DMA_Config                             0x080004dc   Section        0  joystick.o(i.DMA_Config)
    DMA_Config                               0x080004dd   Thumb Code    92  joystick.o(i.DMA_Config)
    i.DMA_DeInit                             0x08000544   Section        0  stm32f10x_dma.o(i.DMA_DeInit)
    i.DMA_GetITStatus                        0x08000690   Section        0  stm32f10x_dma.o(i.DMA_GetITStatus)
    i.DMA_ITConfig                           0x080006bc   Section        0  stm32f10x_dma.o(i.DMA_ITConfig)
    i.DMA_Init                               0x080006ce   Section        0  stm32f10x_dma.o(i.DMA_Init)
    i.Delay                                  0x0800070a   Section        0  delay.o(i.Delay)
    i.Device_Enter_Stop_Mode                 0x08000714   Section        0  device_pwr.o(i.Device_Enter_Stop_Mode)
    i.EXTI15_10_IRQHandler                   0x08000734   Section        0  handler.o(i.EXTI15_10_IRQHandler)
    i.EXTI_ClearFlag                         0x080007f0   Section        0  stm32f10x_exti.o(i.EXTI_ClearFlag)
    i.EXTI_ClearITPendingBit                 0x080007fc   Section        0  stm32f10x_exti.o(i.EXTI_ClearITPendingBit)
    i.EXTI_Config                            0x08000808   Section        0  keys.o(i.EXTI_Config)
    i.EXTI_GetITStatus                       0x080008a4   Section        0  stm32f10x_exti.o(i.EXTI_GetITStatus)
    i.EXTI_Init                              0x080008cc   Section        0  stm32f10x_exti.o(i.EXTI_Init)
    i.GPIO_Config                            0x08000960   Section        0  moter.o(i.GPIO_Config)
    GPIO_Config                              0x08000961   Thumb Code    38  moter.o(i.GPIO_Config)
    i.GPIO_Config                            0x0800098c   Section        0  led.o(i.GPIO_Config)
    GPIO_Config                              0x0800098d   Thumb Code    96  led.o(i.GPIO_Config)
    i.GPIO_Config                            0x080009f4   Section        0  joystick.o(i.GPIO_Config)
    GPIO_Config                              0x080009f5   Thumb Code    40  joystick.o(i.GPIO_Config)
    i.GPIO_Config                            0x08000a24   Section        0  keys.o(i.GPIO_Config)
    GPIO_Config                              0x08000a25   Thumb Code    98  keys.o(i.GPIO_Config)
    i.GPIO_Config                            0x08000a8c   Section        0  bt04-a.o(i.GPIO_Config)
    GPIO_Config                              0x08000a8d   Thumb Code    58  bt04-a.o(i.GPIO_Config)
    i.GPIO_Config                            0x08000acc   Section        0  ttl_usb.o(i.GPIO_Config)
    GPIO_Config                              0x08000acd   Thumb Code    62  ttl_usb.o(i.GPIO_Config)
    i.GPIO_EXTILineConfig                    0x08000b10   Section        0  stm32f10x_gpio.o(i.GPIO_EXTILineConfig)
    i.GPIO_Init                              0x08000b50   Section        0  stm32f10x_gpio.o(i.GPIO_Init)
    i.GPIO_PinRemapConfig                    0x08000c68   Section        0  stm32f10x_gpio.o(i.GPIO_PinRemapConfig)
    i.GPIO_ResetBits                         0x08000cf8   Section        0  stm32f10x_gpio.o(i.GPIO_ResetBits)
    i.GPIO_SetBits                           0x08000cfc   Section        0  stm32f10x_gpio.o(i.GPIO_SetBits)
    i.Init_NVIC                              0x08000d00   Section        0  nvic.o(i.Init_NVIC)
    i.Joystick_Config                        0x08000d92   Section        0  joystick.o(i.Joystick_Config)
    i.Keys_Config                            0x08000da6   Section        0  keys.o(i.Keys_Config)
    i.LED_Config                             0x08000db2   Section        0  led.o(i.LED_Config)
    i.Moter_Config                           0x08000dbe   Section        0  moter.o(i.Moter_Config)
    i.NVIC_Init                              0x08000dd0   Section        0  misc.o(i.NVIC_Init)
    i.PWM_Config                             0x08000e40   Section        0  led.o(i.PWM_Config)
    PWM_Config                               0x08000e41   Thumb Code    38  led.o(i.PWM_Config)
    i.PWR_Config                             0x08000e6c   Section        0  device_pwr.o(i.PWR_Config)
    i.PWR_EnterSTOPMode                      0x08000e78   Section        0  stm32f10x_pwr.o(i.PWR_EnterSTOPMode)
    i.RCC_ADCCLKConfig                       0x08000eb8   Section        0  stm32f10x_rcc.o(i.RCC_ADCCLKConfig)
    i.RCC_AHBPeriphClockCmd                  0x08000ed0   Section        0  stm32f10x_rcc.o(i.RCC_AHBPeriphClockCmd)
    i.RCC_APB1PeriphClockCmd                 0x08000ef0   Section        0  stm32f10x_rcc.o(i.RCC_APB1PeriphClockCmd)
    i.RCC_APB2PeriphClockCmd                 0x08000f10   Section        0  stm32f10x_rcc.o(i.RCC_APB2PeriphClockCmd)
    i.RCC_GetClocksFreq                      0x08000f30   Section        0  stm32f10x_rcc.o(i.RCC_GetClocksFreq)
    i.SetSysClock                            0x08001004   Section        0  system_stm32f10x.o(i.SetSysClock)
    SetSysClock                              0x08001005   Thumb Code     8  system_stm32f10x.o(i.SetSysClock)
    i.SetSysClockTo72                        0x0800100c   Section        0  system_stm32f10x.o(i.SetSysClockTo72)
    SetSysClockTo72                          0x0800100d   Thumb Code   214  system_stm32f10x.o(i.SetSysClockTo72)
    i.Set_LED_State                          0x080010ec   Section        0  led.o(i.Set_LED_State)
    i.SystemInit                             0x0800110c   Section        0  system_stm32f10x.o(i.SystemInit)
    i.TIM4_Config                            0x0800116c   Section        0  tim.o(i.TIM4_Config)
    i.TIM4_IRQHandler                        0x080011bc   Section        0  handler.o(i.TIM4_IRQHandler)
    i.TIM_ClearITPendingBit                  0x08001240   Section        0  stm32f10x_tim.o(i.TIM_ClearITPendingBit)
    i.TIM_Cmd                                0x08001246   Section        0  stm32f10x_tim.o(i.TIM_Cmd)
    i.TIM_Config                             0x08001260   Section        0  joystick.o(i.TIM_Config)
    TIM_Config                               0x08001261   Thumb Code    38  joystick.o(i.TIM_Config)
    i.TIM_Config                             0x0800128c   Section        0  tim.o(i.TIM_Config)
    i.TIM_CtrlPWMOutputs                     0x08001294   Section        0  stm32f10x_tim.o(i.TIM_CtrlPWMOutputs)
    i.TIM_GetITStatus                        0x080012b2   Section        0  stm32f10x_tim.o(i.TIM_GetITStatus)
    i.TIM_ITConfig                           0x080012d4   Section        0  stm32f10x_tim.o(i.TIM_ITConfig)
    i.TIM_OC1Init                            0x080012e8   Section        0  stm32f10x_tim.o(i.TIM_OC1Init)
    i.TIM_OC3Init                            0x08001380   Section        0  stm32f10x_tim.o(i.TIM_OC3Init)
    i.TIM_OC4Init                            0x08001420   Section        0  stm32f10x_tim.o(i.TIM_OC4Init)
    i.TIM_PWM_Config                         0x0800149c   Section        0  moter.o(i.TIM_PWM_Config)
    i.TIM_SetCompare1                        0x08001504   Section        0  stm32f10x_tim.o(i.TIM_SetCompare1)
    i.TIM_SetCompare3                        0x08001508   Section        0  stm32f10x_tim.o(i.TIM_SetCompare3)
    i.TIM_TimeBaseInit                       0x0800150c   Section        0  stm32f10x_tim.o(i.TIM_TimeBaseInit)
    i.TIM_TimeBaseStructInit                 0x080015b0   Section        0  stm32f10x_tim.o(i.TIM_TimeBaseStructInit)
    i.TTL_USB_Config                         0x080015c2   Section        0  ttl_usb.o(i.TTL_USB_Config)
    i.UART_SendInt                           0x080015ce   Section        0  usart.o(i.UART_SendInt)
    i.USART1_IRQHandler                      0x08001604   Section        0  handler.o(i.USART1_IRQHandler)
    i.USART2_IRQHandler                      0x08001620   Section        0  handler.o(i.USART2_IRQHandler)
    i.USART_Cmd                              0x0800163c   Section        0  stm32f10x_usart.o(i.USART_Cmd)
    i.USART_Config                           0x08001654   Section        0  bt04-a.o(i.USART_Config)
    USART_Config                             0x08001655   Thumb Code    78  bt04-a.o(i.USART_Config)
    i.USART_Config                           0x080016a8   Section        0  ttl_usb.o(i.USART_Config)
    USART_Config                             0x080016a9   Thumb Code    70  ttl_usb.o(i.USART_Config)
    i.USART_GetFlagStatus                    0x080016f4   Section        0  stm32f10x_usart.o(i.USART_GetFlagStatus)
    i.USART_GetITStatus                      0x0800170e   Section        0  stm32f10x_usart.o(i.USART_GetITStatus)
    i.USART_ITConfig                         0x08001762   Section        0  stm32f10x_usart.o(i.USART_ITConfig)
    i.USART_Init                             0x080017ac   Section        0  stm32f10x_usart.o(i.USART_Init)
    i.USART_ReceiveData                      0x08001884   Section        0  stm32f10x_usart.o(i.USART_ReceiveData)
    i.USART_SendData                         0x0800188e   Section        0  stm32f10x_usart.o(i.USART_SendData)
    i.get_ChannelValue                       0x08001898   Section        0  joystick.o(i.get_ChannelValue)
    i.int_char                               0x080018bc   Section        0  usart.o(i.int_char)
    i.main                                   0x080018c4   Section        0  main.o(i.main)
    i.setSpeed                               0x08001938   Section        0  moter.o(i.setSpeed)
    x$fpl$fadd                               0x080019a0   Section      196  faddsub_clz.o(x$fpl$fadd)
    _fadd1                                   0x080019af   Thumb Code     0  faddsub_clz.o(x$fpl$fadd)
    x$fpl$fcmpinf                            0x08001a64   Section       24  fcmpi.o(x$fpl$fcmpinf)
    x$fpl$fdiv                               0x08001a7c   Section      388  fdiv.o(x$fpl$fdiv)
    _fdiv1                                   0x08001a7d   Thumb Code     0  fdiv.o(x$fpl$fdiv)
    x$fpl$ffixu                              0x08001c00   Section       62  ffixu.o(x$fpl$ffixu)
    x$fpl$fflt                               0x08001c40   Section       48  fflt_clz.o(x$fpl$fflt)
    x$fpl$fleqf                              0x08001c70   Section      104  fleqf.o(x$fpl$fleqf)
    x$fpl$fmul                               0x08001cd8   Section      258  fmul.o(x$fpl$fmul)
    x$fpl$fnaninf                            0x08001dda   Section      140  fnaninf.o(x$fpl$fnaninf)
    x$fpl$fretinf                            0x08001e66   Section       10  fretinf.o(x$fpl$fretinf)
    x$fpl$frleqf                             0x08001e70   Section       98  frleqf.o(x$fpl$frleqf)
    x$fpl$fsub                               0x08001ed4   Section      234  faddsub_clz.o(x$fpl$fsub)
    _fsub1                                   0x08001ee3   Thumb Code     0  faddsub_clz.o(x$fpl$fsub)
    x$fpl$usenofp                            0x08001fbe   Section        0  usenofp.o(x$fpl$usenofp)
    .data                                    0x20000000   Section        8  moter.o(.data)
    ad_value                                 0x20000000   Data           4  moter.o(.data)
    current_speed                            0x20000004   Data           4  moter.o(.data)
    .data                                    0x20000008   Section        8  joystick.o(.data)
    current_speed                            0x20000008   Data           4  joystick.o(.data)
    ad_value                                 0x2000000c   Data           4  joystick.o(.data)
    .data                                    0x20000010   Section       16  handler.o(.data)
    ad_value                                 0x20000010   Data           4  handler.o(.data)
    current_speed                            0x20000014   Data           4  handler.o(.data)
    led_pwm                                  0x20000018   Data           4  handler.o(.data)
    dir                                      0x2000001c   Data           4  handler.o(.data)
    .data                                    0x20000020   Section       20  stm32f10x_rcc.o(.data)
    APBAHBPrescTable                         0x20000020   Data          16  stm32f10x_rcc.o(.data)
    ADCPrescTable                            0x20000030   Data           4  stm32f10x_rcc.o(.data)
    .bss                                     0x20000034   Section       96  libspace.o(.bss)
    HEAP                                     0x20000098   Section      512  startup_stm32f10x_md.o(HEAP)
    Heap_Mem                                 0x20000098   Data         512  startup_stm32f10x_md.o(HEAP)
    STACK                                    0x20000298   Section     1024  startup_stm32f10x_md.o(STACK)
    Stack_Mem                                0x20000298   Data        1024  startup_stm32f10x_md.o(STACK)
    __initial_sp                             0x20000698   Data           0  startup_stm32f10x_md.o(STACK)

    Global Symbols

    Symbol Name                              Value     Ov Type        Size  Object(Section)

    BuildAttributes$$THM_ISAv4$P$D$K$B$S$PE$A:L22UL41UL21$X:L11$S22US41US21$IEEE1$IW$USESV6$~STKCKD$USESV7$~SHL$OSPACE$ROPI$EBA8$UX$STANDARDLIB$REQ8$PRES8$EABIv2 0x00000000   Number         0  anon$$obj.o ABSOLUTE
    __ARM_use_no_argv                        0x00000000   Number         0  main.o ABSOLUTE
    __ARM_exceptions_init                     - Undefined Weak Reference
    __alloca_initialize                       - Undefined Weak Reference
    __arm_preinit_                            - Undefined Weak Reference
    __cpp_initialize__aeabi_                  - Undefined Weak Reference
    __cxa_finalize                            - Undefined Weak Reference
    __rt_locale                               - Undefined Weak Reference
    __sigvec_lookup                           - Undefined Weak Reference
    _atexit_init                              - Undefined Weak Reference
    _call_atexit_fns                          - Undefined Weak Reference
    _clock_init                               - Undefined Weak Reference
    _fp_trap_init                             - Undefined Weak Reference
    _fp_trap_shutdown                         - Undefined Weak Reference
    _get_lc_collate                           - Undefined Weak Reference
    _get_lc_ctype                             - Undefined Weak Reference
    _get_lc_monetary                          - Undefined Weak Reference
    _get_lc_numeric                           - Undefined Weak Reference
    _get_lc_time                              - Undefined Weak Reference
    _getenv_init                              - Undefined Weak Reference
    _handle_redirection                       - Undefined Weak Reference
    _init_alloc                               - Undefined Weak Reference
    _init_user_alloc                          - Undefined Weak Reference
    _initio                                   - Undefined Weak Reference
    _rand_init                                - Undefined Weak Reference
    _signal_finish                            - Undefined Weak Reference
    _signal_init                              - Undefined Weak Reference
    _terminate_alloc                          - Undefined Weak Reference
    _terminate_user_alloc                     - Undefined Weak Reference
    _terminateio                              - Undefined Weak Reference
    __Vectors_Size                           0x000000ec   Number         0  startup_stm32f10x_md.o ABSOLUTE
    __Vectors                                0x08000000   Data           4  startup_stm32f10x_md.o(RESET)
    __Vectors_End                            0x080000ec   Data           0  startup_stm32f10x_md.o(RESET)
    __main                                   0x080000ed   Thumb Code     8  __main.o(!!!main)
    __scatterload                            0x080000f5   Thumb Code     0  __scatter.o(!!!scatter)
    __scatterload_rt2                        0x080000f5   Thumb Code    44  __scatter.o(!!!scatter)
    __scatterload_rt2_thumb_only             0x080000f5   Thumb Code     0  __scatter.o(!!!scatter)
    __scatterload_null                       0x08000103   Thumb Code     0  __scatter.o(!!!scatter)
    __scatterload_copy                       0x08000129   Thumb Code    26  __scatter_copy.o(!!handler_copy)
    __scatterload_zeroinit                   0x08000145   Thumb Code    28  __scatter_zi.o(!!handler_zi)
    __rt_lib_init                            0x08000161   Thumb Code     0  libinit.o(.ARM.Collect$$libinit$$00000000)
    __rt_lib_init_alloca_1                   0x08000163   Thumb Code     0  libinit2.o(.ARM.Collect$$libinit$$0000002E)
    __rt_lib_init_argv_1                     0x08000163   Thumb Code     0  libinit2.o(.ARM.Collect$$libinit$$0000002C)
    __rt_lib_init_atexit_1                   0x08000163   Thumb Code     0  libinit2.o(.ARM.Collect$$libinit$$0000001B)
    __rt_lib_init_clock_1                    0x08000163   Thumb Code     0  libinit2.o(.ARM.Collect$$libinit$$00000021)
    __rt_lib_init_cpp_1                      0x08000163   Thumb Code     0  libinit2.o(.ARM.Collect$$libinit$$00000032)
    __rt_lib_init_exceptions_1               0x08000163   Thumb Code     0  libinit2.o(.ARM.Collect$$libinit$$00000030)
    __rt_lib_init_fp_1                       0x08000163   Thumb Code     0  libinit2.o(.ARM.Collect$$libinit$$00000002)
    __rt_lib_init_fp_trap_1                  0x08000163   Thumb Code     0  libinit2.o(.ARM.Collect$$libinit$$0000001F)
    __rt_lib_init_getenv_1                   0x08000163   Thumb Code     0  libinit2.o(.ARM.Collect$$libinit$$00000023)
    __rt_lib_init_heap_1                     0x08000163   Thumb Code     0  libinit2.o(.ARM.Collect$$libinit$$0000000A)
    __rt_lib_init_lc_collate_1               0x08000163   Thumb Code     0  libinit2.o(.ARM.Collect$$libinit$$00000011)
    __rt_lib_init_lc_ctype_1                 0x08000163   Thumb Code     0  libinit2.o(.ARM.Collect$$libinit$$00000013)
    __rt_lib_init_lc_monetary_1              0x08000163   Thumb Code     0  libinit2.o(.ARM.Collect$$libinit$$00000015)
    __rt_lib_init_lc_numeric_1               0x08000163   Thumb Code     0  libinit2.o(.ARM.Collect$$libinit$$00000017)
    __rt_lib_init_lc_time_1                  0x08000163   Thumb Code     0  libinit2.o(.ARM.Collect$$libinit$$00000019)
    __rt_lib_init_preinit_1                  0x08000163   Thumb Code     0  libinit2.o(.ARM.Collect$$libinit$$00000004)
    __rt_lib_init_rand_1                     0x08000163   Thumb Code     0  libinit2.o(.ARM.Collect$$libinit$$0000000E)
    __rt_lib_init_return                     0x08000163   Thumb Code     0  libinit2.o(.ARM.Collect$$libinit$$00000033)
    __rt_lib_init_signal_1                   0x08000163   Thumb Code     0  libinit2.o(.ARM.Collect$$libinit$$0000001D)
    __rt_lib_init_stdio_1                    0x08000163   Thumb Code     0  libinit2.o(.ARM.Collect$$libinit$$00000025)
    __rt_lib_init_user_alloc_1               0x08000163   Thumb Code     0  libinit2.o(.ARM.Collect$$libinit$$0000000C)
    __rt_lib_shutdown                        0x08000165   Thumb Code     0  libshutdown.o(.ARM.Collect$$libshutdown$$00000000)
    __rt_lib_shutdown_cpp_1                  0x08000167   Thumb Code     0  libshutdown2.o(.ARM.Collect$$libshutdown$$00000002)
    __rt_lib_shutdown_fp_trap_1              0x08000167   Thumb Code     0  libshutdown2.o(.ARM.Collect$$libshutdown$$00000007)
    __rt_lib_shutdown_heap_1                 0x08000167   Thumb Code     0  libshutdown2.o(.ARM.Collect$$libshutdown$$0000000F)
    __rt_lib_shutdown_return                 0x08000167   Thumb Code     0  libshutdown2.o(.ARM.Collect$$libshutdown$$00000010)
    __rt_lib_shutdown_signal_1               0x08000167   Thumb Code     0  libshutdown2.o(.ARM.Collect$$libshutdown$$0000000A)
    __rt_lib_shutdown_stdio_1                0x08000167   Thumb Code     0  libshutdown2.o(.ARM.Collect$$libshutdown$$00000004)
    __rt_lib_shutdown_user_alloc_1           0x08000167   Thumb Code     0  libshutdown2.o(.ARM.Collect$$libshutdown$$0000000C)
    __rt_entry                               0x08000169   Thumb Code     0  __rtentry.o(.ARM.Collect$$rtentry$$00000000)
    __rt_entry_presh_1                       0x08000169   Thumb Code     0  __rtentry2.o(.ARM.Collect$$rtentry$$00000002)
    __rt_entry_sh                            0x08000169   Thumb Code     0  __rtentry4.o(.ARM.Collect$$rtentry$$00000004)
    __rt_entry_li                            0x0800016f   Thumb Code     0  __rtentry2.o(.ARM.Collect$$rtentry$$0000000A)
    __rt_entry_postsh_1                      0x0800016f   Thumb Code     0  __rtentry2.o(.ARM.Collect$$rtentry$$00000009)
    __rt_entry_main                          0x08000173   Thumb Code     0  __rtentry2.o(.ARM.Collect$$rtentry$$0000000D)
    __rt_entry_postli_1                      0x08000173   Thumb Code     0  __rtentry2.o(.ARM.Collect$$rtentry$$0000000C)
    __rt_exit                                0x0800017b   Thumb Code     0  rtexit.o(.ARM.Collect$$rtexit$$00000000)
    __rt_exit_ls                             0x0800017d   Thumb Code     0  rtexit2.o(.ARM.Collect$$rtexit$$00000003)
    __rt_exit_prels_1                        0x0800017d   Thumb Code     0  rtexit2.o(.ARM.Collect$$rtexit$$00000002)
    __rt_exit_exit                           0x08000181   Thumb Code     0  rtexit2.o(.ARM.Collect$$rtexit$$00000004)
    Reset_Handler                            0x08000189   Thumb Code     8  startup_stm32f10x_md.o(.text)
    NMI_Handler                              0x08000191   Thumb Code     2  startup_stm32f10x_md.o(.text)
    HardFault_Handler                        0x08000193   Thumb Code     2  startup_stm32f10x_md.o(.text)
    MemManage_Handler                        0x08000195   Thumb Code     2  startup_stm32f10x_md.o(.text)
    BusFault_Handler                         0x08000197   Thumb Code     2  startup_stm32f10x_md.o(.text)
    UsageFault_Handler                       0x08000199   Thumb Code     2  startup_stm32f10x_md.o(.text)
    SVC_Handler                              0x0800019b   Thumb Code     2  startup_stm32f10x_md.o(.text)
    DebugMon_Handler                         0x0800019d   Thumb Code     2  startup_stm32f10x_md.o(.text)
    PendSV_Handler                           0x0800019f   Thumb Code     2  startup_stm32f10x_md.o(.text)
    SysTick_Handler                          0x080001a1   Thumb Code     2  startup_stm32f10x_md.o(.text)
    ADC1_2_IRQHandler                        0x080001a3   Thumb Code     0  startup_stm32f10x_md.o(.text)
    CAN1_RX1_IRQHandler                      0x080001a3   Thumb Code     0  startup_stm32f10x_md.o(.text)
    CAN1_SCE_IRQHandler                      0x080001a3   Thumb Code     0  startup_stm32f10x_md.o(.text)
    DMA1_Channel2_IRQHandler                 0x080001a3   Thumb Code     0  startup_stm32f10x_md.o(.text)
    DMA1_Channel3_IRQHandler                 0x080001a3   Thumb Code     0  startup_stm32f10x_md.o(.text)
    DMA1_Channel4_IRQHandler                 0x080001a3   Thumb Code     0  startup_stm32f10x_md.o(.text)
    DMA1_Channel5_IRQHandler                 0x080001a3   Thumb Code     0  startup_stm32f10x_md.o(.text)
    DMA1_Channel6_IRQHandler                 0x080001a3   Thumb Code     0  startup_stm32f10x_md.o(.text)
    DMA1_Channel7_IRQHandler                 0x080001a3   Thumb Code     0  startup_stm32f10x_md.o(.text)
    EXTI0_IRQHandler                         0x080001a3   Thumb Code     0  startup_stm32f10x_md.o(.text)
    EXTI1_IRQHandler                         0x080001a3   Thumb Code     0  startup_stm32f10x_md.o(.text)
    EXTI2_IRQHandler                         0x080001a3   Thumb Code     0  startup_stm32f10x_md.o(.text)
    EXTI3_IRQHandler                         0x080001a3   Thumb Code     0  startup_stm32f10x_md.o(.text)
    EXTI4_IRQHandler                         0x080001a3   Thumb Code     0  startup_stm32f10x_md.o(.text)
    EXTI9_5_IRQHandler                       0x080001a3   Thumb Code     0  startup_stm32f10x_md.o(.text)
    FLASH_IRQHandler                         0x080001a3   Thumb Code     0  startup_stm32f10x_md.o(.text)
    I2C1_ER_IRQHandler                       0x080001a3   Thumb Code     0  startup_stm32f10x_md.o(.text)
    I2C1_EV_IRQHandler                       0x080001a3   Thumb Code     0  startup_stm32f10x_md.o(.text)
    I2C2_ER_IRQHandler                       0x080001a3   Thumb Code     0  startup_stm32f10x_md.o(.text)
    I2C2_EV_IRQHandler                       0x080001a3   Thumb Code     0  startup_stm32f10x_md.o(.text)
    PVD_IRQHandler                           0x080001a3   Thumb Code     0  startup_stm32f10x_md.o(.text)
    RCC_IRQHandler                           0x080001a3   Thumb Code     0  startup_stm32f10x_md.o(.text)
    RTCAlarm_IRQHandler                      0x080001a3   Thumb Code     0  startup_stm32f10x_md.o(.text)
    RTC_IRQHandler                           0x080001a3   Thumb Code     0  startup_stm32f10x_md.o(.text)
    SPI1_IRQHandler                          0x080001a3   Thumb Code     0  startup_stm32f10x_md.o(.text)
    SPI2_IRQHandler                          0x080001a3   Thumb Code     0  startup_stm32f10x_md.o(.text)
    TAMPER_IRQHandler                        0x080001a3   Thumb Code     0  startup_stm32f10x_md.o(.text)
    TIM1_BRK_IRQHandler                      0x080001a3   Thumb Code     0  startup_stm32f10x_md.o(.text)
    TIM1_CC_IRQHandler                       0x080001a3   Thumb Code     0  startup_stm32f10x_md.o(.text)
    TIM1_TRG_COM_IRQHandler                  0x080001a3   Thumb Code     0  startup_stm32f10x_md.o(.text)
    TIM1_UP_IRQHandler                       0x080001a3   Thumb Code     0  startup_stm32f10x_md.o(.text)
    TIM2_IRQHandler                          0x080001a3   Thumb Code     0  startup_stm32f10x_md.o(.text)
    TIM3_IRQHandler                          0x080001a3   Thumb Code     0  startup_stm32f10x_md.o(.text)
    USART3_IRQHandler                        0x080001a3   Thumb Code     0  startup_stm32f10x_md.o(.text)
    USBWakeUp_IRQHandler                     0x080001a3   Thumb Code     0  startup_stm32f10x_md.o(.text)
    USB_HP_CAN1_TX_IRQHandler                0x080001a3   Thumb Code     0  startup_stm32f10x_md.o(.text)
    USB_LP_CAN1_RX0_IRQHandler               0x080001a3   Thumb Code     0  startup_stm32f10x_md.o(.text)
    WWDG_IRQHandler                          0x080001a3   Thumb Code     0  startup_stm32f10x_md.o(.text)
    __user_initial_stackheap                 0x080001a5   Thumb Code     0  startup_stm32f10x_md.o(.text)
    __use_two_region_memory                  0x080001c9   Thumb Code     2  heapauxi.o(.text)
    __rt_heap_escrow$2region                 0x080001cb   Thumb Code     2  heapauxi.o(.text)
    __rt_heap_expand$2region                 0x080001cd   Thumb Code     2  heapauxi.o(.text)
    __user_setup_stackheap                   0x080001cf   Thumb Code    74  sys_stackheap_outer.o(.text)
    exit                                     0x08000219   Thumb Code    18  exit.o(.text)
    __user_libspace                          0x0800022d   Thumb Code     8  libspace.o(.text)
    __user_perproc_libspace                  0x0800022d   Thumb Code     0  libspace.o(.text)
    __user_perthread_libspace                0x0800022d   Thumb Code     0  libspace.o(.text)
    _sys_exit                                0x08000235   Thumb Code     8  sys_exit.o(.text)
    __I$use$semihosting                      0x08000241   Thumb Code     0  use_no_semi.o(.text)
    __use_no_semihosting_swi                 0x08000241   Thumb Code     2  use_no_semi.o(.text)
    ADC_Cmd                                  0x08000243   Thumb Code    22  stm32f10x_adc.o(i.ADC_Cmd)
    __semihosting_library_function           0x08000243   Thumb Code     0  indicate_semi.o(.text)
    ADC_DMACmd                               0x080002f1   Thumb Code    22  stm32f10x_adc.o(i.ADC_DMACmd)
    ADC_GetCalibrationStatus                 0x08000307   Thumb Code    20  stm32f10x_adc.o(i.ADC_GetCalibrationStatus)
    ADC_GetResetCalibrationStatus            0x0800031b   Thumb Code    20  stm32f10x_adc.o(i.ADC_GetResetCalibrationStatus)
    ADC_Init                                 0x08000331   Thumb Code    70  stm32f10x_adc.o(i.ADC_Init)
    ADC_RegularChannelConfig                 0x08000381   Thumb Code   184  stm32f10x_adc.o(i.ADC_RegularChannelConfig)
    ADC_ResetCalibration                     0x08000439   Thumb Code    10  stm32f10x_adc.o(i.ADC_ResetCalibration)
    ADC_SoftwareStartConvCmd                 0x08000443   Thumb Code    22  stm32f10x_adc.o(i.ADC_SoftwareStartConvCmd)
    ADC_StartCalibration                     0x08000459   Thumb Code    10  stm32f10x_adc.o(i.ADC_StartCalibration)
    BT04_A_Config                            0x08000463   Thumb Code    12  bt04-a.o(i.BT04_A_Config)
    DMA1_Channel1_IRQHandler                 0x08000471   Thumb Code    50  handler.o(i.DMA1_Channel1_IRQHandler)
    DMA_ClearITPendingBit                    0x080004a9   Thumb Code    18  stm32f10x_dma.o(i.DMA_ClearITPendingBit)
    DMA_Cmd                                  0x080004c5   Thumb Code    24  stm32f10x_dma.o(i.DMA_Cmd)
    DMA_DeInit                               0x08000545   Thumb Code   324  stm32f10x_dma.o(i.DMA_DeInit)
    DMA_GetITStatus                          0x08000691   Thumb Code    36  stm32f10x_dma.o(i.DMA_GetITStatus)
    DMA_ITConfig                             0x080006bd   Thumb Code    18  stm32f10x_dma.o(i.DMA_ITConfig)
    DMA_Init                                 0x080006cf   Thumb Code    60  stm32f10x_dma.o(i.DMA_Init)
    Delay                                    0x0800070b   Thumb Code    10  delay.o(i.Delay)
    Device_Enter_Stop_Mode                   0x08000715   Thumb Code    26  device_pwr.o(i.Device_Enter_Stop_Mode)
    EXTI15_10_IRQHandler                     0x08000735   Thumb Code   176  handler.o(i.EXTI15_10_IRQHandler)
    EXTI_ClearFlag                           0x080007f1   Thumb Code     6  stm32f10x_exti.o(i.EXTI_ClearFlag)
    EXTI_ClearITPendingBit                   0x080007fd   Thumb Code     6  stm32f10x_exti.o(i.EXTI_ClearITPendingBit)
    EXTI_Config                              0x08000809   Thumb Code   154  keys.o(i.EXTI_Config)
    EXTI_GetITStatus                         0x080008a5   Thumb Code    34  stm32f10x_exti.o(i.EXTI_GetITStatus)
    EXTI_Init                                0x080008cd   Thumb Code   142  stm32f10x_exti.o(i.EXTI_Init)
    GPIO_EXTILineConfig                      0x08000b11   Thumb Code    60  stm32f10x_gpio.o(i.GPIO_EXTILineConfig)
    GPIO_Init                                0x08000b51   Thumb Code   278  stm32f10x_gpio.o(i.GPIO_Init)
    GPIO_PinRemapConfig                      0x08000c69   Thumb Code   138  stm32f10x_gpio.o(i.GPIO_PinRemapConfig)
    GPIO_ResetBits                           0x08000cf9   Thumb Code     4  stm32f10x_gpio.o(i.GPIO_ResetBits)
    GPIO_SetBits                             0x08000cfd   Thumb Code     4  stm32f10x_gpio.o(i.GPIO_SetBits)
    Init_NVIC                                0x08000d01   Thumb Code   146  nvic.o(i.Init_NVIC)
    Joystick_Config                          0x08000d93   Thumb Code    20  joystick.o(i.Joystick_Config)
    Keys_Config                              0x08000da7   Thumb Code    12  keys.o(i.Keys_Config)
    LED_Config                               0x08000db3   Thumb Code    12  led.o(i.LED_Config)
    Moter_Config                             0x08000dbf   Thumb Code    18  moter.o(i.Moter_Config)
    NVIC_Init                                0x08000dd1   Thumb Code   100  misc.o(i.NVIC_Init)
    PWR_Config                               0x08000e6d   Thumb Code    12  device_pwr.o(i.PWR_Config)
    PWR_EnterSTOPMode                        0x08000e79   Thumb Code    54  stm32f10x_pwr.o(i.PWR_EnterSTOPMode)
    RCC_ADCCLKConfig                         0x08000eb9   Thumb Code    18  stm32f10x_rcc.o(i.RCC_ADCCLKConfig)
    RCC_AHBPeriphClockCmd                    0x08000ed1   Thumb Code    26  stm32f10x_rcc.o(i.RCC_AHBPeriphClockCmd)
    RCC_APB1PeriphClockCmd                   0x08000ef1   Thumb Code    26  stm32f10x_rcc.o(i.RCC_APB1PeriphClockCmd)
    RCC_APB2PeriphClockCmd                   0x08000f11   Thumb Code    26  stm32f10x_rcc.o(i.RCC_APB2PeriphClockCmd)
    RCC_GetClocksFreq                        0x08000f31   Thumb Code   192  stm32f10x_rcc.o(i.RCC_GetClocksFreq)
    Set_LED_State                            0x080010ed   Thumb Code    30  led.o(i.Set_LED_State)
    SystemInit                               0x0800110d   Thumb Code    78  system_stm32f10x.o(i.SystemInit)
    TIM4_Config                              0x0800116d   Thumb Code    76  tim.o(i.TIM4_Config)
    TIM4_IRQHandler                          0x080011bd   Thumb Code   112  handler.o(i.TIM4_IRQHandler)
    TIM_ClearITPendingBit                    0x08001241   Thumb Code     6  stm32f10x_tim.o(i.TIM_ClearITPendingBit)
    TIM_Cmd                                  0x08001247   Thumb Code    24  stm32f10x_tim.o(i.TIM_Cmd)
    TIM_Config                               0x0800128d   Thumb Code     8  tim.o(i.TIM_Config)
    TIM_CtrlPWMOutputs                       0x08001295   Thumb Code    30  stm32f10x_tim.o(i.TIM_CtrlPWMOutputs)
    TIM_GetITStatus                          0x080012b3   Thumb Code    34  stm32f10x_tim.o(i.TIM_GetITStatus)
    TIM_ITConfig                             0x080012d5   Thumb Code    18  stm32f10x_tim.o(i.TIM_ITConfig)
    TIM_OC1Init                              0x080012e9   Thumb Code   132  stm32f10x_tim.o(i.TIM_OC1Init)
    TIM_OC3Init                              0x08001381   Thumb Code   150  stm32f10x_tim.o(i.TIM_OC3Init)
    TIM_OC4Init                              0x08001421   Thumb Code   114  stm32f10x_tim.o(i.TIM_OC4Init)
    TIM_PWM_Config                           0x0800149d   Thumb Code   100  moter.o(i.TIM_PWM_Config)
    TIM_SetCompare1                          0x08001505   Thumb Code     4  stm32f10x_tim.o(i.TIM_SetCompare1)
    TIM_SetCompare3                          0x08001509   Thumb Code     4  stm32f10x_tim.o(i.TIM_SetCompare3)
    TIM_TimeBaseInit                         0x0800150d   Thumb Code   122  stm32f10x_tim.o(i.TIM_TimeBaseInit)
    TIM_TimeBaseStructInit                   0x080015b1   Thumb Code    18  stm32f10x_tim.o(i.TIM_TimeBaseStructInit)
    TTL_USB_Config                           0x080015c3   Thumb Code    12  ttl_usb.o(i.TTL_USB_Config)
    UART_SendInt                             0x080015cf   Thumb Code    52  usart.o(i.UART_SendInt)
    USART1_IRQHandler                        0x08001605   Thumb Code    24  handler.o(i.USART1_IRQHandler)
    USART2_IRQHandler                        0x08001621   Thumb Code    24  handler.o(i.USART2_IRQHandler)
    USART_Cmd                                0x0800163d   Thumb Code    24  stm32f10x_usart.o(i.USART_Cmd)
    USART_GetFlagStatus                      0x080016f5   Thumb Code    26  stm32f10x_usart.o(i.USART_GetFlagStatus)
    USART_GetITStatus                        0x0800170f   Thumb Code    84  stm32f10x_usart.o(i.USART_GetITStatus)
    USART_ITConfig                           0x08001763   Thumb Code    74  stm32f10x_usart.o(i.USART_ITConfig)
    USART_Init                               0x080017ad   Thumb Code   210  stm32f10x_usart.o(i.USART_Init)
    USART_ReceiveData                        0x08001885   Thumb Code    10  stm32f10x_usart.o(i.USART_ReceiveData)
    USART_SendData                           0x0800188f   Thumb Code     8  stm32f10x_usart.o(i.USART_SendData)
    get_ChannelValue                         0x08001899   Thumb Code    30  joystick.o(i.get_ChannelValue)
    int_char                                 0x080018bd   Thumb Code     8  usart.o(i.int_char)
    main                                     0x080018c5   Thumb Code   104  main.o(i.main)
    setSpeed                                 0x08001939   Thumb Code    88  moter.o(i.setSpeed)
    __aeabi_fadd                             0x080019a1   Thumb Code     0  faddsub_clz.o(x$fpl$fadd)
    _fadd                                    0x080019a1   Thumb Code   196  faddsub_clz.o(x$fpl$fadd)
    __fpl_fcmp_Inf                           0x08001a65   Thumb Code    24  fcmpi.o(x$fpl$fcmpinf)
    __aeabi_fdiv                             0x08001a7d   Thumb Code     0  fdiv.o(x$fpl$fdiv)
    _fdiv                                    0x08001a7d   Thumb Code   384  fdiv.o(x$fpl$fdiv)
    __aeabi_f2uiz                            0x08001c01   Thumb Code     0  ffixu.o(x$fpl$ffixu)
    _ffixu                                   0x08001c01   Thumb Code    62  ffixu.o(x$fpl$ffixu)
    __aeabi_i2f                              0x08001c41   Thumb Code     0  fflt_clz.o(x$fpl$fflt)
    _fflt                                    0x08001c41   Thumb Code    48  fflt_clz.o(x$fpl$fflt)
    __aeabi_cfcmple                          0x08001c71   Thumb Code     0  fleqf.o(x$fpl$fleqf)
    _fcmple                                  0x08001c71   Thumb Code   104  fleqf.o(x$fpl$fleqf)
    __fpl_fcmple_InfNaN                      0x08001cc3   Thumb Code     0  fleqf.o(x$fpl$fleqf)
    __aeabi_fmul                             0x08001cd9   Thumb Code     0  fmul.o(x$fpl$fmul)
    _fmul                                    0x08001cd9   Thumb Code   258  fmul.o(x$fpl$fmul)
    __fpl_fnaninf                            0x08001ddb   Thumb Code   140  fnaninf.o(x$fpl$fnaninf)
    __fpl_fretinf                            0x08001e67   Thumb Code    10  fretinf.o(x$fpl$fretinf)
    __aeabi_cfrcmple                         0x08001e71   Thumb Code     0  frleqf.o(x$fpl$frleqf)
    _frcmple                                 0x08001e71   Thumb Code    98  frleqf.o(x$fpl$frleqf)
    __aeabi_fsub                             0x08001ed5   Thumb Code     0  faddsub_clz.o(x$fpl$fsub)
    _fsub                                    0x08001ed5   Thumb Code   234  faddsub_clz.o(x$fpl$fsub)
    __I$use$fp                               0x08001fbe   Number         0  usenofp.o(x$fpl$usenofp)
    Region$$Table$$Base                      0x08001fc0   Number         0  anon$$obj.o(Region$$Table)
    Region$$Table$$Limit                     0x08001fe0   Number         0  anon$$obj.o(Region$$Table)
    __libspace_start                         0x20000034   Data          96  libspace.o(.bss)
    __temporary_stack_top$libspace           0x20000094   Data           0  libspace.o(.bss)



==============================================================================

Memory Map of the image

  Image Entry point : 0x08000189

  Load Region LR_1 (Base: 0x08000000, Size: 0x00002014, Max: 0xffffffff, ABSOLUTE)

    Execution Region ER_RO (Exec base: 0x08000000, Load base: 0x08000000, Size: 0x00001fe0, Max: 0xffffffff, ABSOLUTE)

    Exec Addr    Load Addr    Size         Type   Attr      Idx    E Section Name        Object

    0x08000000   0x08000000   0x000000ec   Data   RO         2264    RESET               startup_stm32f10x_md.o
    0x080000ec   0x080000ec   0x00000008   Code   RO         2319  * !!!main             c_w.l(__main.o)
    0x080000f4   0x080000f4   0x00000034   Code   RO         2509    !!!scatter          c_w.l(__scatter.o)
    0x08000128   0x08000128   0x0000001a   Code   RO         2511    !!handler_copy      c_w.l(__scatter_copy.o)
    0x08000142   0x08000142   0x00000002   PAD
    0x08000144   0x08000144   0x0000001c   Code   RO         2513    !!handler_zi        c_w.l(__scatter_zi.o)
    0x08000160   0x08000160   0x00000002   Code   RO         2379    .ARM.Collect$$libinit$$00000000  c_w.l(libinit.o)
    0x08000162   0x08000162   0x00000000   Code   RO         2386    .ARM.Collect$$libinit$$00000002  c_w.l(libinit2.o)
    0x08000162   0x08000162   0x00000000   Code   RO         2388    .ARM.Collect$$libinit$$00000004  c_w.l(libinit2.o)
    0x08000162   0x08000162   0x00000000   Code   RO         2391    .ARM.Collect$$libinit$$0000000A  c_w.l(libinit2.o)
    0x08000162   0x08000162   0x00000000   Code   RO         2393    .ARM.Collect$$libinit$$0000000C  c_w.l(libinit2.o)
    0x08000162   0x08000162   0x00000000   Code   RO         2395    .ARM.Collect$$libinit$$0000000E  c_w.l(libinit2.o)
    0x08000162   0x08000162   0x00000000   Code   RO         2398    .ARM.Collect$$libinit$$00000011  c_w.l(libinit2.o)
    0x08000162   0x08000162   0x00000000   Code   RO         2400    .ARM.Collect$$libinit$$00000013  c_w.l(libinit2.o)
    0x08000162   0x08000162   0x00000000   Code   RO         2402    .ARM.Collect$$libinit$$00000015  c_w.l(libinit2.o)
    0x08000162   0x08000162   0x00000000   Code   RO         2404    .ARM.Collect$$libinit$$00000017  c_w.l(libinit2.o)
    0x08000162   0x08000162   0x00000000   Code   RO         2406    .ARM.Collect$$libinit$$00000019  c_w.l(libinit2.o)
    0x08000162   0x08000162   0x00000000   Code   RO         2408    .ARM.Collect$$libinit$$0000001B  c_w.l(libinit2.o)
    0x08000162   0x08000162   0x00000000   Code   RO         2410    .ARM.Collect$$libinit$$0000001D  c_w.l(libinit2.o)
    0x08000162   0x08000162   0x00000000   Code   RO         2412    .ARM.Collect$$libinit$$0000001F  c_w.l(libinit2.o)
    0x08000162   0x08000162   0x00000000   Code   RO         2414    .ARM.Collect$$libinit$$00000021  c_w.l(libinit2.o)
    0x08000162   0x08000162   0x00000000   Code   RO         2416    .ARM.Collect$$libinit$$00000023  c_w.l(libinit2.o)
    0x08000162   0x08000162   0x00000000   Code   RO         2418    .ARM.Collect$$libinit$$00000025  c_w.l(libinit2.o)
    0x08000162   0x08000162   0x00000000   Code   RO         2422    .ARM.Collect$$libinit$$0000002C  c_w.l(libinit2.o)
    0x08000162   0x08000162   0x00000000   Code   RO         2424    .ARM.Collect$$libinit$$0000002E  c_w.l(libinit2.o)
    0x08000162   0x08000162   0x00000000   Code   RO         2426    .ARM.Collect$$libinit$$00000030  c_w.l(libinit2.o)
    0x08000162   0x08000162   0x00000000   Code   RO         2428    .ARM.Collect$$libinit$$00000032  c_w.l(libinit2.o)
    0x08000162   0x08000162   0x00000002   Code   RO         2429    .ARM.Collect$$libinit$$00000033  c_w.l(libinit2.o)
    0x08000164   0x08000164   0x00000002   Code   RO         2449    .ARM.Collect$$libshutdown$$00000000  c_w.l(libshutdown.o)
    0x08000166   0x08000166   0x00000000   Code   RO         2462    .ARM.Collect$$libshutdown$$00000002  c_w.l(libshutdown2.o)
    0x08000166   0x08000166   0x00000000   Code   RO         2464    .ARM.Collect$$libshutdown$$00000004  c_w.l(libshutdown2.o)
    0x08000166   0x08000166   0x00000000   Code   RO         2467    .ARM.Collect$$libshutdown$$00000007  c_w.l(libshutdown2.o)
    0x08000166   0x08000166   0x00000000   Code   RO         2470    .ARM.Collect$$libshutdown$$0000000A  c_w.l(libshutdown2.o)
    0x08000166   0x08000166   0x00000000   Code   RO         2472    .ARM.Collect$$libshutdown$$0000000C  c_w.l(libshutdown2.o)
    0x08000166   0x08000166   0x00000000   Code   RO         2475    .ARM.Collect$$libshutdown$$0000000F  c_w.l(libshutdown2.o)
    0x08000166   0x08000166   0x00000002   Code   RO         2476    .ARM.Collect$$libshutdown$$00000010  c_w.l(libshutdown2.o)
    0x08000168   0x08000168   0x00000000   Code   RO         2347    .ARM.Collect$$rtentry$$00000000  c_w.l(__rtentry.o)
    0x08000168   0x08000168   0x00000000   Code   RO         2356    .ARM.Collect$$rtentry$$00000002  c_w.l(__rtentry2.o)
    0x08000168   0x08000168   0x00000006   Code   RO         2368    .ARM.Collect$$rtentry$$00000004  c_w.l(__rtentry4.o)
    0x0800016e   0x0800016e   0x00000000   Code   RO         2358    .ARM.Collect$$rtentry$$00000009  c_w.l(__rtentry2.o)
    0x0800016e   0x0800016e   0x00000004   Code   RO         2359    .ARM.Collect$$rtentry$$0000000A  c_w.l(__rtentry2.o)
    0x08000172   0x08000172   0x00000000   Code   RO         2361    .ARM.Collect$$rtentry$$0000000C  c_w.l(__rtentry2.o)
    0x08000172   0x08000172   0x00000008   Code   RO         2362    .ARM.Collect$$rtentry$$0000000D  c_w.l(__rtentry2.o)
    0x0800017a   0x0800017a   0x00000002   Code   RO         2383    .ARM.Collect$$rtexit$$00000000  c_w.l(rtexit.o)
    0x0800017c   0x0800017c   0x00000000   Code   RO         2431    .ARM.Collect$$rtexit$$00000002  c_w.l(rtexit2.o)
    0x0800017c   0x0800017c   0x00000004   Code   RO         2432    .ARM.Collect$$rtexit$$00000003  c_w.l(rtexit2.o)
    0x08000180   0x08000180   0x00000006   Code   RO         2433    .ARM.Collect$$rtexit$$00000004  c_w.l(rtexit2.o)
    0x08000186   0x08000186   0x00000002   PAD
    0x08000188   0x08000188   0x00000040   Code   RO         2265  * .text               startup_stm32f10x_md.o
    0x080001c8   0x080001c8   0x00000006   Code   RO         2317    .text               c_w.l(heapauxi.o)
    0x080001ce   0x080001ce   0x0000004a   Code   RO         2370    .text               c_w.l(sys_stackheap_outer.o)
    0x08000218   0x08000218   0x00000012   Code   RO         2372    .text               c_w.l(exit.o)
    0x0800022a   0x0800022a   0x00000002   PAD
    0x0800022c   0x0800022c   0x00000008   Code   RO         2380    .text               c_w.l(libspace.o)
    0x08000234   0x08000234   0x0000000c   Code   RO         2441    .text               c_w.l(sys_exit.o)
    0x08000240   0x08000240   0x00000002   Code   RO         2452    .text               c_w.l(use_no_semi.o)
    0x08000242   0x08000242   0x00000000   Code   RO         2454    .text               c_w.l(indicate_semi.o)
    0x08000242   0x08000242   0x00000016   Code   RO          677    i.ADC_Cmd           stm32f10x_adc.o
    0x08000258   0x08000258   0x00000098   Code   RO          222    i.ADC_Config        joystick.o
    0x080002f0   0x080002f0   0x00000016   Code   RO          678    i.ADC_DMACmd        stm32f10x_adc.o
    0x08000306   0x08000306   0x00000014   Code   RO          685    i.ADC_GetCalibrationStatus  stm32f10x_adc.o
    0x0800031a   0x0800031a   0x00000014   Code   RO          691    i.ADC_GetResetCalibrationStatus  stm32f10x_adc.o
    0x0800032e   0x0800032e   0x00000002   PAD
    0x08000330   0x08000330   0x00000050   Code   RO          695    i.ADC_Init          stm32f10x_adc.o
    0x08000380   0x08000380   0x000000b8   Code   RO          699    i.ADC_RegularChannelConfig  stm32f10x_adc.o
    0x08000438   0x08000438   0x0000000a   Code   RO          700    i.ADC_ResetCalibration  stm32f10x_adc.o
    0x08000442   0x08000442   0x00000016   Code   RO          702    i.ADC_SoftwareStartConvCmd  stm32f10x_adc.o
    0x08000458   0x08000458   0x0000000a   Code   RO          704    i.ADC_StartCalibration  stm32f10x_adc.o
    0x08000462   0x08000462   0x0000000c   Code   RO          399    i.BT04_A_Config     bt04-a.o
    0x0800046e   0x0800046e   0x00000002   PAD
    0x08000470   0x08000470   0x00000038   Code   RO          277    i.DMA1_Channel1_IRQHandler  handler.o
    0x080004a8   0x080004a8   0x0000001c   Code   RO          906    i.DMA_ClearITPendingBit  stm32f10x_dma.o
    0x080004c4   0x080004c4   0x00000018   Code   RO          907    i.DMA_Cmd           stm32f10x_dma.o
    0x080004dc   0x080004dc   0x00000068   Code   RO          223    i.DMA_Config        joystick.o
    0x08000544   0x08000544   0x0000014c   Code   RO          908    i.DMA_DeInit        stm32f10x_dma.o
    0x08000690   0x08000690   0x0000002c   Code   RO          911    i.DMA_GetITStatus   stm32f10x_dma.o
    0x080006bc   0x080006bc   0x00000012   Code   RO          912    i.DMA_ITConfig      stm32f10x_dma.o
    0x080006ce   0x080006ce   0x0000003c   Code   RO          913    i.DMA_Init          stm32f10x_dma.o
    0x0800070a   0x0800070a   0x0000000a   Code   RO          330    i.Delay             delay.o
    0x08000714   0x08000714   0x00000020   Code   RO          524    i.Device_Enter_Stop_Mode  device_pwr.o
    0x08000734   0x08000734   0x000000bc   Code   RO          278    i.EXTI15_10_IRQHandler  handler.o
    0x080007f0   0x080007f0   0x0000000c   Code   RO          989    i.EXTI_ClearFlag    stm32f10x_exti.o
    0x080007fc   0x080007fc   0x0000000c   Code   RO          990    i.EXTI_ClearITPendingBit  stm32f10x_exti.o
    0x08000808   0x08000808   0x0000009a   Code   RO          359    i.EXTI_Config       keys.o
    0x080008a2   0x080008a2   0x00000002   PAD
    0x080008a4   0x080008a4   0x00000028   Code   RO          994    i.EXTI_GetITStatus  stm32f10x_exti.o
    0x080008cc   0x080008cc   0x00000094   Code   RO          995    i.EXTI_Init         stm32f10x_exti.o
    0x08000960   0x08000960   0x0000002c   Code   RO          125    i.GPIO_Config       moter.o
    0x0800098c   0x0800098c   0x00000068   Code   RO          177    i.GPIO_Config       led.o
    0x080009f4   0x080009f4   0x00000030   Code   RO          224    i.GPIO_Config       joystick.o
    0x08000a24   0x08000a24   0x00000068   Code   RO          360    i.GPIO_Config       keys.o
    0x08000a8c   0x08000a8c   0x00000040   Code   RO          400    i.GPIO_Config       bt04-a.o
    0x08000acc   0x08000acc   0x00000044   Code   RO          438    i.GPIO_Config       ttl_usb.o
    0x08000b10   0x08000b10   0x00000040   Code   RO         1058    i.GPIO_EXTILineConfig  stm32f10x_gpio.o
    0x08000b50   0x08000b50   0x00000116   Code   RO         1061    i.GPIO_Init         stm32f10x_gpio.o
    0x08000c66   0x08000c66   0x00000002   PAD
    0x08000c68   0x08000c68   0x00000090   Code   RO         1063    i.GPIO_PinRemapConfig  stm32f10x_gpio.o
    0x08000cf8   0x08000cf8   0x00000004   Code   RO         1068    i.GPIO_ResetBits    stm32f10x_gpio.o
    0x08000cfc   0x08000cfc   0x00000004   Code   RO         1069    i.GPIO_SetBits      stm32f10x_gpio.o
    0x08000d00   0x08000d00   0x00000092   Code   RO          559    i.Init_NVIC         nvic.o
    0x08000d92   0x08000d92   0x00000014   Code   RO          225    i.Joystick_Config   joystick.o
    0x08000da6   0x08000da6   0x0000000c   Code   RO          361    i.Keys_Config       keys.o
    0x08000db2   0x08000db2   0x0000000c   Code   RO          178    i.LED_Config        led.o
    0x08000dbe   0x08000dbe   0x00000012   Code   RO          126    i.Moter_Config      moter.o
    0x08000dd0   0x08000dd0   0x00000070   Code   RO          623    i.NVIC_Init         misc.o
    0x08000e40   0x08000e40   0x0000002c   Code   RO          179    i.PWM_Config        led.o
    0x08000e6c   0x08000e6c   0x0000000c   Code   RO          525    i.PWR_Config        device_pwr.o
    0x08000e78   0x08000e78   0x00000040   Code   RO         1185    i.PWR_EnterSTOPMode  stm32f10x_pwr.o
    0x08000eb8   0x08000eb8   0x00000018   Code   RO         1253    i.RCC_ADCCLKConfig  stm32f10x_rcc.o
    0x08000ed0   0x08000ed0   0x00000020   Code   RO         1254    i.RCC_AHBPeriphClockCmd  stm32f10x_rcc.o
    0x08000ef0   0x08000ef0   0x00000020   Code   RO         1255    i.RCC_APB1PeriphClockCmd  stm32f10x_rcc.o
    0x08000f10   0x08000f10   0x00000020   Code   RO         1257    i.RCC_APB2PeriphClockCmd  stm32f10x_rcc.o
    0x08000f30   0x08000f30   0x000000d4   Code   RO         1265    i.RCC_GetClocksFreq  stm32f10x_rcc.o
    0x08001004   0x08001004   0x00000008   Code   RO         2272    i.SetSysClock       system_stm32f10x.o
    0x0800100c   0x0800100c   0x000000e0   Code   RO         2273    i.SetSysClockTo72   system_stm32f10x.o
    0x080010ec   0x080010ec   0x0000001e   Code   RO          180    i.Set_LED_State     led.o
    0x0800110a   0x0800110a   0x00000002   PAD
    0x0800110c   0x0800110c   0x00000060   Code   RO         2275    i.SystemInit        system_stm32f10x.o
    0x0800116c   0x0800116c   0x00000050   Code   RO          588    i.TIM4_Config       tim.o
    0x080011bc   0x080011bc   0x00000084   Code   RO          279    i.TIM4_IRQHandler   handler.o
    0x08001240   0x08001240   0x00000006   Code   RO         1476    i.TIM_ClearITPendingBit  stm32f10x_tim.o
    0x08001246   0x08001246   0x00000018   Code   RO         1481    i.TIM_Cmd           stm32f10x_tim.o
    0x0800125e   0x0800125e   0x00000002   PAD
    0x08001260   0x08001260   0x0000002c   Code   RO          226    i.TIM_Config        joystick.o
    0x0800128c   0x0800128c   0x00000008   Code   RO          589    i.TIM_Config        tim.o
    0x08001294   0x08001294   0x0000001e   Code   RO         1483    i.TIM_CtrlPWMOutputs  stm32f10x_tim.o
    0x080012b2   0x080012b2   0x00000022   Code   RO         1502    i.TIM_GetITStatus   stm32f10x_tim.o
    0x080012d4   0x080012d4   0x00000012   Code   RO         1506    i.TIM_ITConfig      stm32f10x_tim.o
    0x080012e6   0x080012e6   0x00000002   PAD
    0x080012e8   0x080012e8   0x00000098   Code   RO         1510    i.TIM_OC1Init       stm32f10x_tim.o
    0x08001380   0x08001380   0x000000a0   Code   RO         1520    i.TIM_OC3Init       stm32f10x_tim.o
    0x08001420   0x08001420   0x0000007c   Code   RO         1525    i.TIM_OC4Init       stm32f10x_tim.o
    0x0800149c   0x0800149c   0x00000068   Code   RO          127    i.TIM_PWM_Config    moter.o
    0x08001504   0x08001504   0x00000004   Code   RO         1542    i.TIM_SetCompare1   stm32f10x_tim.o
    0x08001508   0x08001508   0x00000004   Code   RO         1544    i.TIM_SetCompare3   stm32f10x_tim.o
    0x0800150c   0x0800150c   0x000000a4   Code   RO         1552    i.TIM_TimeBaseInit  stm32f10x_tim.o
    0x080015b0   0x080015b0   0x00000012   Code   RO         1553    i.TIM_TimeBaseStructInit  stm32f10x_tim.o
    0x080015c2   0x080015c2   0x0000000c   Code   RO          439    i.TTL_USB_Config    ttl_usb.o
    0x080015ce   0x080015ce   0x00000034   Code   RO          478    i.UART_SendInt      usart.o
    0x08001602   0x08001602   0x00000002   PAD
    0x08001604   0x08001604   0x0000001c   Code   RO          280    i.USART1_IRQHandler  handler.o
    0x08001620   0x08001620   0x0000001c   Code   RO          281    i.USART2_IRQHandler  handler.o
    0x0800163c   0x0800163c   0x00000018   Code   RO         2029    i.USART_Cmd         stm32f10x_usart.o
    0x08001654   0x08001654   0x00000054   Code   RO          401    i.USART_Config      bt04-a.o
    0x080016a8   0x080016a8   0x0000004c   Code   RO          440    i.USART_Config      ttl_usb.o
    0x080016f4   0x080016f4   0x0000001a   Code   RO         2032    i.USART_GetFlagStatus  stm32f10x_usart.o
    0x0800170e   0x0800170e   0x00000054   Code   RO         2033    i.USART_GetITStatus  stm32f10x_usart.o
    0x08001762   0x08001762   0x0000004a   Code   RO         2035    i.USART_ITConfig    stm32f10x_usart.o
    0x080017ac   0x080017ac   0x000000d8   Code   RO         2036    i.USART_Init        stm32f10x_usart.o
    0x08001884   0x08001884   0x0000000a   Code   RO         2043    i.USART_ReceiveData  stm32f10x_usart.o
    0x0800188e   0x0800188e   0x00000008   Code   RO         2046    i.USART_SendData    stm32f10x_usart.o
    0x08001896   0x08001896   0x00000002   PAD
    0x08001898   0x08001898   0x00000024   Code   RO          227    i.get_ChannelValue  joystick.o
    0x080018bc   0x080018bc   0x00000008   Code   RO          480    i.int_char          usart.o
    0x080018c4   0x080018c4   0x00000074   Code   RO            4    i.main              main.o
    0x08001938   0x08001938   0x00000068   Code   RO          128    i.setSpeed          moter.o
    0x080019a0   0x080019a0   0x000000c4   Code   RO         2321    x$fpl$fadd          fz_ws.l(faddsub_clz.o)
    0x08001a64   0x08001a64   0x00000018   Code   RO         2348    x$fpl$fcmpinf       fz_ws.l(fcmpi.o)
    0x08001a7c   0x08001a7c   0x00000184   Code   RO         2328    x$fpl$fdiv          fz_ws.l(fdiv.o)
    0x08001c00   0x08001c00   0x0000003e   Code   RO         2331    x$fpl$ffixu         fz_ws.l(ffixu.o)
    0x08001c3e   0x08001c3e   0x00000002   PAD
    0x08001c40   0x08001c40   0x00000030   Code   RO         2336    x$fpl$fflt          fz_ws.l(fflt_clz.o)
    0x08001c70   0x08001c70   0x00000068   Code   RO         2341    x$fpl$fleqf         fz_ws.l(fleqf.o)
    0x08001cd8   0x08001cd8   0x00000102   Code   RO         2343    x$fpl$fmul          fz_ws.l(fmul.o)
    0x08001dda   0x08001dda   0x0000008c   Code   RO         2350    x$fpl$fnaninf       fz_ws.l(fnaninf.o)
    0x08001e66   0x08001e66   0x0000000a   Code   RO         2352    x$fpl$fretinf       fz_ws.l(fretinf.o)
    0x08001e70   0x08001e70   0x00000062   Code   RO         2345    x$fpl$frleqf        fz_ws.l(frleqf.o)
    0x08001ed2   0x08001ed2   0x00000002   PAD
    0x08001ed4   0x08001ed4   0x000000ea   Code   RO         2323    x$fpl$fsub          fz_ws.l(faddsub_clz.o)
    0x08001fbe   0x08001fbe   0x00000000   Code   RO         2354    x$fpl$usenofp       fz_ws.l(usenofp.o)
    0x08001fbe   0x08001fbe   0x00000002   PAD
    0x08001fc0   0x08001fc0   0x00000020   Data   RO         2507    Region$$Table       anon$$obj.o


    Execution Region ER_RW (Exec base: 0x20000000, Load base: 0x08001fe0, Size: 0x00000034, Max: 0xffffffff, ABSOLUTE)

    Exec Addr    Load Addr    Size         Type   Attr      Idx    E Section Name        Object

    0x20000000   0x08001fe0   0x00000008   Data   RW          129    .data               moter.o
    0x20000008   0x08001fe8   0x00000008   Data   RW          228    .data               joystick.o
    0x20000010   0x08001ff0   0x00000010   Data   RW          282    .data               handler.o
    0x20000020   0x08002000   0x00000014   Data   RW         1285    .data               stm32f10x_rcc.o


    Execution Region ER_ZI (Exec base: 0x20000034, Load base: 0x08002014, Size: 0x00000664, Max: 0xffffffff, ABSOLUTE)

    Exec Addr    Load Addr    Size         Type   Attr      Idx    E Section Name        Object

    0x20000034        -       0x00000060   Zero   RW         2381    .bss                c_w.l(libspace.o)
    0x20000094   0x08002014   0x00000004   PAD
    0x20000098        -       0x00000200   Zero   RW         2263    HEAP                startup_stm32f10x_md.o
    0x20000298        -       0x00000400   Zero   RW         2262    STACK               startup_stm32f10x_md.o


==============================================================================

Image component sizes


      Code (inc. data)   RO Data    RW Data    ZI Data      Debug   Object Name

       160         12          0          0          0       1340   bt04-a.o
        10          0          0          0          0        428   delay.o
        44          6          0          0          0        886   device_pwr.o
       432         46          0         16          0       2684   handler.o
       404         36          0          8          0       3393   joystick.o
       270          6          0          0          0       1420   keys.o
       190         14          0          0          0       2137   led.o
       116         12          0          0          0     274475   main.o
       112         12          0          0          0       1184   misc.o
       270         26          0          8          0       2823   moter.o
       146          0          0          0          0        536   nvic.o
        64         26        236          0       1536        808   startup_stm32f10x_md.o
       390         10          0          0          0       7981   stm32f10x_adc.o
       506         26          0          0          0       5571   stm32f10x_dma.o
       212         24          0          0          0       2933   stm32f10x_exti.o
       494         10          0          0          0       4860   stm32f10x_gpio.o
        64         10          0          0          0        696   stm32f10x_pwr.o
       332         44          0         20          0       5921   stm32f10x_rcc.o
       738         82          0          0          0       8578   stm32f10x_tim.o
       442          6          0          0          0       6645   stm32f10x_usart.o
       328         28          0          0          0       1957   system_stm32f10x.o
        88          4          0          0          0        891   tim.o
       156         12          0          0          0       1333   ttl_usb.o
        60          0          0          0          0       1386   usart.o

    ----------------------------------------------------------------------
      6046        452        268         52       1536     340866   Object Totals
         0          0         32          0          0          0   (incl. Generated)
        18          0          0          0          0          0   (incl. Padding)

    ----------------------------------------------------------------------

      Code (inc. data)   RO Data    RW Data    ZI Data      Debug   Library Member Name

         8          0          0          0          0         68   __main.o
         0          0          0          0          0          0   __rtentry.o
        12          0          0          0          0          0   __rtentry2.o
         6          0          0          0          0          0   __rtentry4.o
        52          8          0          0          0          0   __scatter.o
        26          0          0          0          0          0   __scatter_copy.o
        28          0          0          0          0          0   __scatter_zi.o
        18          0          0          0          0         80   exit.o
         6          0          0          0          0        152   heapauxi.o
         0          0          0          0          0          0   indicate_semi.o
         2          0          0          0          0          0   libinit.o
         2          0          0          0          0          0   libinit2.o
         2          0          0          0          0          0   libshutdown.o
         2          0          0          0          0          0   libshutdown2.o
         8          4          0          0         96         68   libspace.o
         2          0          0          0          0          0   rtexit.o
        10          0          0          0          0          0   rtexit2.o
        12          4          0          0          0         68   sys_exit.o
        74          0          0          0          0         80   sys_stackheap_outer.o
         2          0          0          0          0         68   use_no_semi.o
       430          8          0          0          0        168   faddsub_clz.o
        24          0          0          0          0         68   fcmpi.o
       388         76          0          0          0         96   fdiv.o
        62          4          0          0          0         84   ffixu.o
        48          0          0          0          0         68   fflt_clz.o
       104          4          0          0          0         84   fleqf.o
       258          4          0          0          0         84   fmul.o
       140          4          0          0          0         84   fnaninf.o
        10          0          0          0          0         68   fretinf.o
        98          0          0          0          0         68   frleqf.o
         0          0          0          0          0          0   usenofp.o

    ----------------------------------------------------------------------
      1846        116          0          0        100       1456   Library Totals
        12          0          0          0          4          0   (incl. Padding)

    ----------------------------------------------------------------------

      Code (inc. data)   RO Data    RW Data    ZI Data      Debug   Library Name

       272         16          0          0         96        584   c_w.l
      1562        100          0          0          0        872   fz_ws.l

    ----------------------------------------------------------------------
      1846        116          0          0        100       1456   Library Totals

    ----------------------------------------------------------------------

==============================================================================


      Code (inc. data)   RO Data    RW Data    ZI Data      Debug   

      7892        568        268         52       1636     337066   Grand Totals
      7892        568        268         52       1636     337066   ELF Image Totals
      7892        568        268         52          0          0   ROM Totals

==============================================================================

    Total RO  Size (Code + RO Data)                 8160 (   7.97kB)
    Total RW  Size (RW Data + ZI Data)              1688 (   1.65kB)
    Total ROM Size (Code + RO Data + RW Data)       8212 (   8.02kB)

==============================================================================

